Archive member included to satisfy reference by file (symbol)

/Applications/STM32CubeIDE.app/Contents/Eclipse/plugins/com.st.stm32cube.ide.mcu.externaltools.gnu-tools-for-stm32.9-2020-q2-update.macos64_1.5.0.202011040924/tools/bin/../lib/gcc/arm-none-eabi/9.3.1/../../../../arm-none-eabi/lib/thumb/v7-m/nofp/libc_nano.a(lib_a-errno.o)
                              Core/Src/syscalls.o (__errno)
/Applications/STM32CubeIDE.app/Contents/Eclipse/plugins/com.st.stm32cube.ide.mcu.externaltools.gnu-tools-for-stm32.9-2020-q2-update.macos64_1.5.0.202011040924/tools/bin/../lib/gcc/arm-none-eabi/9.3.1/../../../../arm-none-eabi/lib/thumb/v7-m/nofp/libc_nano.a(lib_a-exit.o)
                              /Applications/STM32CubeIDE.app/Contents/Eclipse/plugins/com.st.stm32cube.ide.mcu.externaltools.gnu-tools-for-stm32.9-2020-q2-update.macos64_1.5.0.202011040924/tools/bin/../lib/gcc/arm-none-eabi/9.3.1/../../../../arm-none-eabi/lib/thumb/v7-m/nofp/crt0.o (exit)
/Applications/STM32CubeIDE.app/Contents/Eclipse/plugins/com.st.stm32cube.ide.mcu.externaltools.gnu-tools-for-stm32.9-2020-q2-update.macos64_1.5.0.202011040924/tools/bin/../lib/gcc/arm-none-eabi/9.3.1/../../../../arm-none-eabi/lib/thumb/v7-m/nofp/libc_nano.a(lib_a-impure.o)
                              /Applications/STM32CubeIDE.app/Contents/Eclipse/plugins/com.st.stm32cube.ide.mcu.externaltools.gnu-tools-for-stm32.9-2020-q2-update.macos64_1.5.0.202011040924/tools/bin/../lib/gcc/arm-none-eabi/9.3.1/../../../../arm-none-eabi/lib/thumb/v7-m/nofp/libc_nano.a(lib_a-exit.o) (_global_impure_ptr)
/Applications/STM32CubeIDE.app/Contents/Eclipse/plugins/com.st.stm32cube.ide.mcu.externaltools.gnu-tools-for-stm32.9-2020-q2-update.macos64_1.5.0.202011040924/tools/bin/../lib/gcc/arm-none-eabi/9.3.1/../../../../arm-none-eabi/lib/thumb/v7-m/nofp/libc_nano.a(lib_a-init.o)
                              /Applications/STM32CubeIDE.app/Contents/Eclipse/plugins/com.st.stm32cube.ide.mcu.externaltools.gnu-tools-for-stm32.9-2020-q2-update.macos64_1.5.0.202011040924/tools/bin/../lib/gcc/arm-none-eabi/9.3.1/../../../../arm-none-eabi/lib/thumb/v7-m/nofp/crt0.o (__libc_init_array)
/Applications/STM32CubeIDE.app/Contents/Eclipse/plugins/com.st.stm32cube.ide.mcu.externaltools.gnu-tools-for-stm32.9-2020-q2-update.macos64_1.5.0.202011040924/tools/bin/../lib/gcc/arm-none-eabi/9.3.1/../../../../arm-none-eabi/lib/thumb/v7-m/nofp/libc_nano.a(lib_a-memset.o)
                              /Applications/STM32CubeIDE.app/Contents/Eclipse/plugins/com.st.stm32cube.ide.mcu.externaltools.gnu-tools-for-stm32.9-2020-q2-update.macos64_1.5.0.202011040924/tools/bin/../lib/gcc/arm-none-eabi/9.3.1/../../../../arm-none-eabi/lib/thumb/v7-m/nofp/crt0.o (memset)

Allocating common symbols
Common symbol       size              file

hUsbDeviceFS        0x2c4             USB_DEVICE/App/usb_device.o
uwTick              0x4               Drivers/STM32F1xx_HAL_Driver/Src/stm32f1xx_hal.o
pFlash              0x20              Drivers/STM32F1xx_HAL_Driver/Src/stm32f1xx_hal_flash.o
UserRxBufferFS      0x3e8             USB_DEVICE/App/usbd_cdc_if.o
hadc1               0x30              Core/Src/main.o
UserTxBufferFS      0x3e8             USB_DEVICE/App/usbd_cdc_if.o
hdma_adc1           0x44              Core/Src/main.o
user_data           0xc               Core/Src/main.o
hpcd_USB_FS         0x2ec             USB_DEVICE/Target/usbd_conf.o
USBD_StrDesc        0x200             USB_DEVICE/App/usbd_desc.o

Discarded input sections

 .text          0x0000000000000000        0x0 /Applications/STM32CubeIDE.app/Contents/Eclipse/plugins/com.st.stm32cube.ide.mcu.externaltools.gnu-tools-for-stm32.9-2020-q2-update.macos64_1.5.0.202011040924/tools/bin/../lib/gcc/arm-none-eabi/9.3.1/thumb/v7-m/nofp/crti.o
 .data          0x0000000000000000        0x0 /Applications/STM32CubeIDE.app/Contents/Eclipse/plugins/com.st.stm32cube.ide.mcu.externaltools.gnu-tools-for-stm32.9-2020-q2-update.macos64_1.5.0.202011040924/tools/bin/../lib/gcc/arm-none-eabi/9.3.1/thumb/v7-m/nofp/crti.o
 .bss           0x0000000000000000        0x0 /Applications/STM32CubeIDE.app/Contents/Eclipse/plugins/com.st.stm32cube.ide.mcu.externaltools.gnu-tools-for-stm32.9-2020-q2-update.macos64_1.5.0.202011040924/tools/bin/../lib/gcc/arm-none-eabi/9.3.1/thumb/v7-m/nofp/crti.o
 .data          0x0000000000000000        0x4 /Applications/STM32CubeIDE.app/Contents/Eclipse/plugins/com.st.stm32cube.ide.mcu.externaltools.gnu-tools-for-stm32.9-2020-q2-update.macos64_1.5.0.202011040924/tools/bin/../lib/gcc/arm-none-eabi/9.3.1/thumb/v7-m/nofp/crtbegin.o
 .text          0x0000000000000000       0x7c /Applications/STM32CubeIDE.app/Contents/Eclipse/plugins/com.st.stm32cube.ide.mcu.externaltools.gnu-tools-for-stm32.9-2020-q2-update.macos64_1.5.0.202011040924/tools/bin/../lib/gcc/arm-none-eabi/9.3.1/../../../../arm-none-eabi/lib/thumb/v7-m/nofp/crt0.o
[...]
Memory Configuration

Name             Origin             Length             Attributes
RAM              0x0000000020000000 0x0000000000005000 xrw
FLASH            0x0000000008000000 0x0000000000010000 xr
*default*        0x0000000000000000 0xffffffffffffffff

Linker script and memory map

LOAD /Applications/STM32CubeIDE.app/Contents/Eclipse/plugins/com.st.stm32cube.ide.mcu.externaltools.gnu-tools-for-stm32.9-2020-q2-update.macos64_1.5.0.202011040924/tools/bin/../lib/gcc/arm-none-eabi/9.3.1/thumb/v7-m/nofp/crti.o
LOAD /Applications/STM32CubeIDE.app/Contents/Eclipse/plugins/com.st.stm32cube.ide.mcu.externaltools.gnu-tools-for-stm32.9-2020-q2-update.macos64_1.5.0.202011040924/tools/bin/../lib/gcc/arm-none-eabi/9.3.1/thumb/v7-m/nofp/crtbegin.o
LOAD /Applications/STM32CubeIDE.app/Contents/Eclipse/plugins/com.st.stm32cube.ide.mcu.externaltools.gnu-tools-for-stm32.9-2020-q2-update.macos64_1.5.0.202011040924/tools/bin/../lib/gcc/arm-none-eabi/9.3.1/../../../../arm-none-eabi/lib/thumb/v7-m/nofp/crt0.o
LOAD Core/Src/main.o
LOAD Core/Src/stm32f1xx_hal_msp.o
LOAD Core/Src/stm32f1xx_it.o
LOAD Core/Src/syscalls.o
LOAD Core/Src/sysmem.o
LOAD Core/Src/system_stm32f1xx.o
LOAD Core/Startup/startup_stm32f103c8tx.o
LOAD Drivers/STM32F1xx_HAL_Driver/Src/stm32f1xx_hal.o
LOAD Drivers/STM32F1xx_HAL_Driver/Src/stm32f1xx_hal_adc.o
LOAD Drivers/STM32F1xx_HAL_Driver/Src/stm32f1xx_hal_adc_ex.o
LOAD Drivers/STM32F1xx_HAL_Driver/Src/stm32f1xx_hal_cortex.o
LOAD Drivers/STM32F1xx_HAL_Driver/Src/stm32f1xx_hal_dma.o
LOAD Drivers/STM32F1xx_HAL_Driver/Src/stm32f1xx_hal_exti.o
LOAD Drivers/STM32F1xx_HAL_Driver/Src/stm32f1xx_hal_flash.o
LOAD Drivers/STM32F1xx_HAL_Driver/Src/stm32f1xx_hal_flash_ex.o
LOAD Drivers/STM32F1xx_HAL_Driver/Src/stm32f1xx_hal_gpio.o
LOAD Drivers/STM32F1xx_HAL_Driver/Src/stm32f1xx_hal_gpio_ex.o
LOAD Drivers/STM32F1xx_HAL_Driver/Src/stm32f1xx_hal_pcd.o
LOAD Drivers/STM32F1xx_HAL_Driver/Src/stm32f1xx_hal_pcd_ex.o
LOAD Drivers/STM32F1xx_HAL_Driver/Src/stm32f1xx_hal_pwr.o
LOAD Drivers/STM32F1xx_HAL_Driver/Src/stm32f1xx_hal_rcc.o
LOAD Drivers/STM32F1xx_HAL_Driver/Src/stm32f1xx_hal_rcc_ex.o
LOAD Drivers/STM32F1xx_HAL_Driver/Src/stm32f1xx_hal_tim.o
LOAD Drivers/STM32F1xx_HAL_Driver/Src/stm32f1xx_hal_tim_ex.o
LOAD Drivers/STM32F1xx_HAL_Driver/Src/stm32f1xx_ll_usb.o
LOAD Middlewares/ST/STM32_USB_Device_Library/Class/CDC/Src/usbd_cdc.o
LOAD Middlewares/ST/STM32_USB_Device_Library/Core/Src/usbd_core.o
LOAD Middlewares/ST/STM32_USB_Device_Library/Core/Src/usbd_ctlreq.o
LOAD Middlewares/ST/STM32_USB_Device_Library/Core/Src/usbd_ioreq.o
LOAD USB_DEVICE/App/usb_device.o
LOAD USB_DEVICE/App/usbd_cdc_if.o
LOAD USB_DEVICE/App/usbd_desc.o
LOAD USB_DEVICE/Target/usbd_conf.o
START GROUP
LOAD /Applications/STM32CubeIDE.app/Contents/Eclipse/plugins/com.st.stm32cube.ide.mcu.externaltools.gnu-tools-for-stm32.9-2020-q2-update.macos64_1.5.0.202011040924/tools/bin/../lib/gcc/arm-none-eabi/9.3.1/../../../../arm-none-eabi/lib/thumb/v7-m/nofp/libc_nano.a
LOAD /Applications/STM32CubeIDE.app/Contents/Eclipse/plugins/com.st.stm32cube.ide.mcu.externaltools.gnu-tools-for-stm32.9-2020-q2-update.macos64_1.5.0.202011040924/tools/bin/../lib/gcc/arm-none-eabi/9.3.1/../../../../arm-none-eabi/lib/thumb/v7-m/nofp/libm.a
END GROUP
START GROUP
LOAD /Applications/STM32CubeIDE.app/Contents/Eclipse/plugins/com.st.stm32cube.ide.mcu.externaltools.gnu-tools-for-stm32.9-2020-q2-update.macos64_1.5.0.202011040924/tools/bin/../lib/gcc/arm-none-eabi/9.3.1/thumb/v7-m/nofp/libgcc.a
LOAD /Applications/STM32CubeIDE.app/Contents/Eclipse/plugins/com.st.stm32cube.ide.mcu.externaltools.gnu-tools-for-stm32.9-2020-q2-update.macos64_1.5.0.202011040924/tools/bin/../lib/gcc/arm-none-eabi/9.3.1/../../../../arm-none-eabi/lib/thumb/v7-m/nofp/libc_nano.a
END GROUP
START GROUP
LOAD /Applications/STM32CubeIDE.app/Contents/Eclipse/plugins/com.st.stm32cube.ide.mcu.externaltools.gnu-tools-for-stm32.9-2020-q2-update.macos64_1.5.0.202011040924/tools/bin/../lib/gcc/arm-none-eabi/9.3.1/thumb/v7-m/nofp/libgcc.a
LOAD /Applications/STM32CubeIDE.app/Contents/Eclipse/plugins/com.st.stm32cube.ide.mcu.externaltools.gnu-tools-for-stm32.9-2020-q2-update.macos64_1.5.0.202011040924/tools/bin/../lib/gcc/arm-none-eabi/9.3.1/../../../../arm-none-eabi/lib/thumb/v7-m/nofp/libc_nano.a
LOAD /Applications/STM32CubeIDE.app/Contents/Eclipse/plugins/com.st.stm32cube.ide.mcu.externaltools.gnu-tools-for-stm32.9-2020-q2-update.macos64_1.5.0.202011040924/tools/bin/../lib/gcc/arm-none-eabi/9.3.1/../../../../arm-none-eabi/lib/thumb/v7-m/nofp/libnosys.a
END GROUP
START GROUP
LOAD /Applications/STM32CubeIDE.app/Contents/Eclipse/plugins/com.st.stm32cube.ide.mcu.externaltools.gnu-tools-for-stm32.9-2020-q2-update.macos64_1.5.0.202011040924/tools/bin/../lib/gcc/arm-none-eabi/9.3.1/thumb/v7-m/nofp/libgcc.a
LOAD /Applications/STM32CubeIDE.app/Contents/Eclipse/plugins/com.st.stm32cube.ide.mcu.externaltools.gnu-tools-for-stm32.9-2020-q2-update.macos64_1.5.0.202011040924/tools/bin/../lib/gcc/arm-none-eabi/9.3.1/../../../../arm-none-eabi/lib/thumb/v7-m/nofp/libc_nano.a
LOAD /Applications/STM32CubeIDE.app/Contents/Eclipse/plugins/com.st.stm32cube.ide.mcu.externaltools.gnu-tools-for-stm32.9-2020-q2-update.macos64_1.5.0.202011040924/tools/bin/../lib/gcc/arm-none-eabi/9.3.1/../../../../arm-none-eabi/lib/thumb/v7-m/nofp/libnosys.a
END GROUP
LOAD /Applications/STM32CubeIDE.app/Contents/Eclipse/plugins/com.st.stm32cube.ide.mcu.externaltools.gnu-tools-for-stm32.9-2020-q2-update.macos64_1.5.0.202011040924/tools/bin/../lib/gcc/arm-none-eabi/9.3.1/thumb/v7-m/nofp/crtend.o
LOAD /Applications/STM32CubeIDE.app/Contents/Eclipse/plugins/com.st.stm32cube.ide.mcu.externaltools.gnu-tools-for-stm32.9-2020-q2-update.macos64_1.5.0.202011040924/tools/bin/../lib/gcc/arm-none-eabi/9.3.1/thumb/v7-m/nofp/crtn.o
                0x0000000020005000                _estack = (ORIGIN (RAM) + LENGTH (RAM))
                0x0000000000000200                _Min_Heap_Size = 0x200
                0x0000000000000400                _Min_Stack_Size = 0x400

.isr_vector     0x0000000008000000      0x10c
                0x0000000008000000                . = ALIGN (0x4)
 *(.isr_vector)
 .isr_vector    0x0000000008000000      0x10c Core/Startup/startup_stm32f103c8tx.o
                0x0000000008000000                g_pfnVectors
                0x000000000800010c                . = ALIGN (0x4)

.text           0x000000000800010c     0x7908
                0x000000000800010c                . = ALIGN (0x4)
 *(.text)
 .text          0x000000000800010c       0x40 /Applications/STM32CubeIDE.app/Contents/Eclipse/plugins/com.st.stm32cube.ide.mcu.externaltools.gnu-tools-for-stm32.9-2020-q2-update.macos64_1.5.0.202011040924/tools/bin/../lib/gcc/arm-none-eabi/9.3.1/thumb/v7-m/nofp/crtbegin.o
 *(.text*)
 .text.HAL_ADC_ConvCpltCallback
                0x000000000800014c       0x48 Core/Src/main.o
                0x000000000800014c                HAL_ADC_ConvCpltCallback
 .text.main     0x0000000008000194       0x70 Core/Src/main.o
                0x0000000008000194                main
 .text.SystemClock_Config
                0x0000000008000204       0xbc Core/Src/main.o
                0x0000000008000204                SystemClock_Config
 .text.MX_ADC1_Init
                0x00000000080002c0       0xb8 Core/Src/main.o
 .text.MX_DMA_Init
                0x0000000008000378       0x3c Core/Src/main.o
 .text.MX_GPIO_Init
                0x00000000080003b4       0x5c Core/Src/main.o
 .text.Error_Handler
                0x0000000008000410        0xa Core/Src/main.o
                0x0000000008000410                Error_Handler
 *fill*         0x000000000800041a        0x2 
 .text.HAL_MspInit
                0x000000000800041c       0x64 Core/Src/stm32f1xx_hal_msp.o
                0x000000000800041c                HAL_MspInit
 .text.HAL_ADC_MspInit
                0x0000000008000480      0x104 Core/Src/stm32f1xx_hal_msp.o
                0x0000000008000480                HAL_ADC_MspInit
 .text.NMI_Handler
                0x0000000008000584        0x6 Core/Src/stm32f1xx_it.o
                0x0000000008000584                NMI_Handler
 .text.HardFault_Handler
                0x000000000800058a        0x6 Core/Src/stm32f1xx_it.o
                0x000000000800058a                HardFault_Handler
 .text.MemManage_Handler
                0x0000000008000590        0x6 Core/Src/stm32f1xx_it.o
                0x0000000008000590                MemManage_Handler
 .text.BusFault_Handler
                0x0000000008000596        0x6 Core/Src/stm32f1xx_it.o
                0x0000000008000596                BusFault_Handler
 .text.UsageFault_Handler
                0x000000000800059c        0x6 Core/Src/stm32f1xx_it.o
                0x000000000800059c                UsageFault_Handler
 .text.SVC_Handler
                0x00000000080005a2        0xc Core/Src/stm32f1xx_it.o
                0x00000000080005a2                SVC_Handler
 .text.DebugMon_Handler
                0x00000000080005ae        0xc Core/Src/stm32f1xx_it.o
                0x00000000080005ae                DebugMon_Handler
 .text.PendSV_Handler
                0x00000000080005ba        0xc Core/Src/stm32f1xx_it.o
                0x00000000080005ba                PendSV_Handler
 .text.SysTick_Handler
                0x00000000080005c6        0xc Core/Src/stm32f1xx_it.o
                0x00000000080005c6                SysTick_Handler
 *fill*         0x00000000080005d2        0x2 
 .text.DMA1_Channel1_IRQHandler
                0x00000000080005d4       0x14 Core/Src/stm32f1xx_it.o
                0x00000000080005d4                DMA1_Channel1_IRQHandler
 .text.USB_LP_CAN1_RX0_IRQHandler
                0x00000000080005e8       0x14 Core/Src/stm32f1xx_it.o
                0x00000000080005e8                USB_LP_CAN1_RX0_IRQHandler
 .text.SystemInit
                0x00000000080005fc        0xc Core/Src/system_stm32f1xx.o
                0x00000000080005fc                SystemInit
 .text.Reset_Handler
                0x0000000008000608       0x48 Core/Startup/startup_stm32f103c8tx.o
                0x0000000008000608                Reset_Handler
 .text.Default_Handler
                0x0000000008000650        0x2 Core/Startup/startup_stm32f103c8tx.o
                0x0000000008000650                USBWakeUp_IRQHandler
                0x0000000008000650                EXTI2_IRQHandler
                0x0000000008000650                TIM1_CC_IRQHandler
                0x0000000008000650                PVD_IRQHandler
                0x0000000008000650                EXTI3_IRQHandler
                0x0000000008000650                EXTI0_IRQHandler
                0x0000000008000650                I2C2_EV_IRQHandler
                0x0000000008000650                ADC1_2_IRQHandler
                0x0000000008000650                SPI1_IRQHandler
                0x0000000008000650                TAMPER_IRQHandler
                0x0000000008000650                DMA1_Channel4_IRQHandler
                0x0000000008000650                USART3_IRQHandler
                0x0000000008000650                RTC_IRQHandler
                0x0000000008000650                DMA1_Channel7_IRQHandler
                0x0000000008000650                CAN1_RX1_IRQHandler
                0x0000000008000650                TIM4_IRQHandler
                0x0000000008000650                I2C1_EV_IRQHandler
                0x0000000008000650                DMA1_Channel6_IRQHandler
                0x0000000008000650                TIM3_IRQHandler
                0x0000000008000650                RCC_IRQHandler
                0x0000000008000650                TIM1_TRG_COM_IRQHandler
                0x0000000008000650                Default_Handler
                0x0000000008000650                EXTI15_10_IRQHandler
                0x0000000008000650                EXTI9_5_IRQHandler
                0x0000000008000650                SPI2_IRQHandler
                0x0000000008000650                DMA1_Channel5_IRQHandler
                0x0000000008000650                EXTI4_IRQHandler
                0x0000000008000650                USB_HP_CAN1_TX_IRQHandler
                0x0000000008000650                DMA1_Channel3_IRQHandler
                0x0000000008000650                TIM1_UP_IRQHandler
                0x0000000008000650                WWDG_IRQHandler
                0x0000000008000650                TIM2_IRQHandler
                0x0000000008000650                TIM1_BRK_IRQHandler
                0x0000000008000650                EXTI1_IRQHandler
                0x0000000008000650                USART2_IRQHandler
                0x0000000008000650                I2C2_ER_IRQHandler
                0x0000000008000650                DMA1_Channel2_IRQHandler
                0x0000000008000650                CAN1_SCE_IRQHandler
                0x0000000008000650                FLASH_IRQHandler
                0x0000000008000650                USART1_IRQHandler
                0x0000000008000650                I2C1_ER_IRQHandler
                0x0000000008000650                RTC_Alarm_IRQHandler
 *fill*         0x0000000008000652        0x2 
 .text.HAL_Init
                0x0000000008000654       0x2c Drivers/STM32F1xx_HAL_Driver/Src/stm32f1xx_hal.o
                0x0000000008000654                HAL_Init
 .text.HAL_InitTick
                0x0000000008000680       0x60 Drivers/STM32F1xx_HAL_Driver/Src/stm32f1xx_hal.o
                0x0000000008000680                HAL_InitTick
 .text.HAL_IncTick
                0x00000000080006e0       0x24 Drivers/STM32F1xx_HAL_Driver/Src/stm32f1xx_hal.o
                0x00000000080006e0                HAL_IncTick
 .text.HAL_GetTick
                0x0000000008000704       0x14 Drivers/STM32F1xx_HAL_Driver/Src/stm32f1xx_hal.o
                0x0000000008000704                HAL_GetTick
 .text.HAL_Delay
                0x0000000008000718       0x48 Drivers/STM32F1xx_HAL_Driver/Src/stm32f1xx_hal.o
                0x0000000008000718                HAL_Delay
 .text.HAL_ADC_Init
                0x0000000008000760      0x1b0 Drivers/STM32F1xx_HAL_Driver/Src/stm32f1xx_hal_adc.o
                0x0000000008000760                HAL_ADC_Init
 .text.HAL_ADC_Start_DMA
                0x0000000008000910      0x1bc Drivers/STM32F1xx_HAL_Driver/Src/stm32f1xx_hal_adc.o
                0x0000000008000910                HAL_ADC_Start_DMA
 .text.HAL_ADC_ConvHalfCpltCallback
                0x0000000008000acc       0x12 Drivers/STM32F1xx_HAL_Driver/Src/stm32f1xx_hal_adc.o
                0x0000000008000acc                HAL_ADC_ConvHalfCpltCallback
 .text.HAL_ADC_ErrorCallback
                0x0000000008000ade       0x12 Drivers/STM32F1xx_HAL_Driver/Src/stm32f1xx_hal_adc.o
                0x0000000008000ade                HAL_ADC_ErrorCallback
 .text.HAL_ADC_ConfigChannel
                0x0000000008000af0      0x1f0 Drivers/STM32F1xx_HAL_Driver/Src/stm32f1xx_hal_adc.o
                0x0000000008000af0                HAL_ADC_ConfigChannel
 .text.ADC_Enable
                0x0000000008000ce0       0xa4 Drivers/STM32F1xx_HAL_Driver/Src/stm32f1xx_hal_adc.o
                0x0000000008000ce0                ADC_Enable
 .text.ADC_ConversionStop_Disable
                0x0000000008000d84       0x74 Drivers/STM32F1xx_HAL_Driver/Src/stm32f1xx_hal_adc.o
                0x0000000008000d84                ADC_ConversionStop_Disable
 .text.ADC_DMAConvCplt
                0x0000000008000df8       0x7c Drivers/STM32F1xx_HAL_Driver/Src/stm32f1xx_hal_adc.o
                0x0000000008000df8                ADC_DMAConvCplt
 .text.ADC_DMAHalfConvCplt
                0x0000000008000e74       0x1c Drivers/STM32F1xx_HAL_Driver/Src/stm32f1xx_hal_adc.o
                0x0000000008000e74                ADC_DMAHalfConvCplt
 .text.ADC_DMAError
                0x0000000008000e90       0x34 Drivers/STM32F1xx_HAL_Driver/Src/stm32f1xx_hal_adc.o
                0x0000000008000e90                ADC_DMAError
 .text.__NVIC_SetPriorityGrouping
                0x0000000008000ec4       0x48 Drivers/STM32F1xx_HAL_Driver/Src/stm32f1xx_hal_cortex.o
 .text.__NVIC_GetPriorityGrouping
                0x0000000008000f0c       0x1c Drivers/STM32F1xx_HAL_Driver/Src/stm32f1xx_hal_cortex.o
 .text.__NVIC_EnableIRQ
                0x0000000008000f28       0x38 Drivers/STM32F1xx_HAL_Driver/Src/stm32f1xx_hal_cortex.o
 .text.__NVIC_SetPriority
                0x0000000008000f60       0x54 Drivers/STM32F1xx_HAL_Driver/Src/stm32f1xx_hal_cortex.o
 .text.NVIC_EncodePriority
                0x0000000008000fb4       0x64 Drivers/STM32F1xx_HAL_Driver/Src/stm32f1xx_hal_cortex.o
 .text.SysTick_Config
                0x0000000008001018       0x44 Drivers/STM32F1xx_HAL_Driver/Src/stm32f1xx_hal_cortex.o
 .text.HAL_NVIC_SetPriorityGrouping
                0x000000000800105c       0x16 Drivers/STM32F1xx_HAL_Driver/Src/stm32f1xx_hal_cortex.o
                0x000000000800105c                HAL_NVIC_SetPriorityGrouping
 .text.HAL_NVIC_SetPriority
                0x0000000008001072       0x38 Drivers/STM32F1xx_HAL_Driver/Src/stm32f1xx_hal_cortex.o
                0x0000000008001072                HAL_NVIC_SetPriority
 .text.HAL_NVIC_EnableIRQ
                0x00000000080010aa       0x1c Drivers/STM32F1xx_HAL_Driver/Src/stm32f1xx_hal_cortex.o
                0x00000000080010aa                HAL_NVIC_EnableIRQ
 .text.HAL_SYSTICK_Config
                0x00000000080010c6       0x18 Drivers/STM32F1xx_HAL_Driver/Src/stm32f1xx_hal_cortex.o
                0x00000000080010c6                HAL_SYSTICK_Config
 *fill*         0x00000000080010de        0x2 
 .text.HAL_DMA_Init
                0x00000000080010e0       0xb4 Drivers/STM32F1xx_HAL_Driver/Src/stm32f1xx_hal_dma.o
                0x00000000080010e0                HAL_DMA_Init
 .text.HAL_DMA_Start_IT
                0x0000000008001194       0xbe Drivers/STM32F1xx_HAL_Driver/Src/stm32f1xx_hal_dma.o
                0x0000000008001194                HAL_DMA_Start_IT
 *fill*         0x0000000008001252        0x2 
 .text.HAL_DMA_IRQHandler
                0x0000000008001254      0x20c Drivers/STM32F1xx_HAL_Driver/Src/stm32f1xx_hal_dma.o
                0x0000000008001254                HAL_DMA_IRQHandler
 .text.DMA_SetConfig
                0x0000000008001460       0x5a Drivers/STM32F1xx_HAL_Driver/Src/stm32f1xx_hal_dma.o
 *fill*         0x00000000080014ba        0x2 
 .text.HAL_GPIO_Init
                0x00000000080014bc      0x308 Drivers/STM32F1xx_HAL_Driver/Src/stm32f1xx_hal_gpio.o
                0x00000000080014bc                HAL_GPIO_Init
 .text.HAL_PCD_Init
                0x00000000080017c4      0x216 Drivers/STM32F1xx_HAL_Driver/Src/stm32f1xx_hal_pcd.o
                0x00000000080017c4                HAL_PCD_Init
 .text.HAL_PCD_Start
                0x00000000080019da       0x4c Drivers/STM32F1xx_HAL_Driver/Src/stm32f1xx_hal_pcd.o
                0x00000000080019da                HAL_PCD_Start
 .text.HAL_PCD_IRQHandler
                0x0000000008001a26      0x2aa Drivers/STM32F1xx_HAL_Driver/Src/stm32f1xx_hal_pcd.o
                0x0000000008001a26                HAL_PCD_IRQHandler
 .text.HAL_PCD_SetAddress
                0x0000000008001cd0       0x4a Drivers/STM32F1xx_HAL_Driver/Src/stm32f1xx_hal_pcd.o
                0x0000000008001cd0                HAL_PCD_SetAddress
 .text.HAL_PCD_EP_Open
                0x0000000008001d1a       0xcc Drivers/STM32F1xx_HAL_Driver/Src/stm32f1xx_hal_pcd.o
                0x0000000008001d1a                HAL_PCD_EP_Open
 .text.HAL_PCD_EP_Close
                0x0000000008001de6       0x90 Drivers/STM32F1xx_HAL_Driver/Src/stm32f1xx_hal_pcd.o
                0x0000000008001de6                HAL_PCD_EP_Close
 .text.HAL_PCD_EP_Receive
                0x0000000008001e76       0x7a Drivers/STM32F1xx_HAL_Driver/Src/stm32f1xx_hal_pcd.o
                0x0000000008001e76                HAL_PCD_EP_Receive
 .text.HAL_PCD_EP_GetRxCount
                0x0000000008001ef0       0x2e Drivers/STM32F1xx_HAL_Driver/Src/stm32f1xx_hal_pcd.o
                0x0000000008001ef0                HAL_PCD_EP_GetRxCount
 .text.HAL_PCD_EP_Transmit
                0x0000000008001f1e       0x86 Drivers/STM32F1xx_HAL_Driver/Src/stm32f1xx_hal_pcd.o
                0x0000000008001f1e                HAL_PCD_EP_Transmit
 .text.HAL_PCD_EP_SetStall
                0x0000000008001fa4       0xc0 Drivers/STM32F1xx_HAL_Driver/Src/stm32f1xx_hal_pcd.o
                0x0000000008001fa4                HAL_PCD_EP_SetStall
 .text.HAL_PCD_EP_ClrStall
                0x0000000008002064       0xa8 Drivers/STM32F1xx_HAL_Driver/Src/stm32f1xx_hal_pcd.o
                0x0000000008002064                HAL_PCD_EP_ClrStall
 .text.PCD_EP_ISR_Handler
                0x000000000800210c      0x5e6 Drivers/STM32F1xx_HAL_Driver/Src/stm32f1xx_hal_pcd.o
 .text.HAL_PCD_EP_DB_Receive
                0x00000000080026f2      0x21a Drivers/STM32F1xx_HAL_Driver/Src/stm32f1xx_hal_pcd.o
 .text.HAL_PCD_EP_DB_Transmit
                0x000000000800290c      0x556 Drivers/STM32F1xx_HAL_Driver/Src/stm32f1xx_hal_pcd.o
 .text.HAL_PCDEx_PMAConfig
                0x0000000008002e62       0x84 Drivers/STM32F1xx_HAL_Driver/Src/stm32f1xx_hal_pcd_ex.o
                0x0000000008002e62                HAL_PCDEx_PMAConfig
 *fill*         0x0000000008002ee6        0x2 
 .text.HAL_RCC_OscConfig
                0x0000000008002ee8      0x500 Drivers/STM32F1xx_HAL_Driver/Src/stm32f1xx_hal_rcc.o
                0x0000000008002ee8                HAL_RCC_OscConfig
 .text.HAL_RCC_ClockConfig
                0x00000000080033e8      0x1d4 Drivers/STM32F1xx_HAL_Driver/Src/stm32f1xx_hal_rcc.o
                0x00000000080033e8                HAL_RCC_ClockConfig
 .text.HAL_RCC_GetSysClockFreq
                0x00000000080035bc       0xc0 Drivers/STM32F1xx_HAL_Driver/Src/stm32f1xx_hal_rcc.o
                0x00000000080035bc                HAL_RCC_GetSysClockFreq
 .text.RCC_Delay
                0x000000000800367c       0x3c Drivers/STM32F1xx_HAL_Driver/Src/stm32f1xx_hal_rcc.o
 .text.HAL_RCCEx_PeriphCLKConfig
                0x00000000080036b8      0x16c Drivers/STM32F1xx_HAL_Driver/Src/stm32f1xx_hal_rcc_ex.o
                0x00000000080036b8                HAL_RCCEx_PeriphCLKConfig
 .text.USB_CoreInit
                0x0000000008003824       0x20 Drivers/STM32F1xx_HAL_Driver/Src/stm32f1xx_ll_usb.o
                0x0000000008003824                USB_CoreInit
 .text.USB_EnableGlobalInt
                0x0000000008003844       0x2c Drivers/STM32F1xx_HAL_Driver/Src/stm32f1xx_ll_usb.o
                0x0000000008003844                USB_EnableGlobalInt
 .text.USB_DisableGlobalInt
                0x0000000008003870       0x34 Drivers/STM32F1xx_HAL_Driver/Src/stm32f1xx_ll_usb.o
                0x0000000008003870                USB_DisableGlobalInt
 .text.USB_SetCurrentMode
                0x00000000080038a4       0x18 Drivers/STM32F1xx_HAL_Driver/Src/stm32f1xx_ll_usb.o
                0x00000000080038a4                USB_SetCurrentMode
 .text.USB_DevInit
                0x00000000080038bc       0x40 Drivers/STM32F1xx_HAL_Driver/Src/stm32f1xx_ll_usb.o
                0x00000000080038bc                USB_DevInit
 .text.USB_ActivateEndpoint
                0x00000000080038fc      0x6d4 Drivers/STM32F1xx_HAL_Driver/Src/stm32f1xx_ll_usb.o
                0x00000000080038fc                USB_ActivateEndpoint
 .text.USB_DeactivateEndpoint
                0x0000000008003fd0      0x3d8 Drivers/STM32F1xx_HAL_Driver/Src/stm32f1xx_ll_usb.o
                0x0000000008003fd0                USB_DeactivateEndpoint
 .text.USB_EPStartXfer
                0x00000000080043a8     0x1240 Drivers/STM32F1xx_HAL_Driver/Src/stm32f1xx_ll_usb.o
                0x00000000080043a8                USB_EPStartXfer
 .text.USB_EPSetStall
                0x00000000080055e8       0xa0 Drivers/STM32F1xx_HAL_Driver/Src/stm32f1xx_ll_usb.o
                0x00000000080055e8                USB_EPSetStall
 .text.USB_EPClearStall
                0x0000000008005688      0x15a Drivers/STM32F1xx_HAL_Driver/Src/stm32f1xx_ll_usb.o
                0x0000000008005688                USB_EPClearStall
 .text.USB_SetDevAddress
                0x00000000080057e2       0x26 Drivers/STM32F1xx_HAL_Driver/Src/stm32f1xx_ll_usb.o
                0x00000000080057e2                USB_SetDevAddress
 .text.USB_DevConnect
                0x0000000008005808       0x14 Drivers/STM32F1xx_HAL_Driver/Src/stm32f1xx_ll_usb.o
                0x0000000008005808                USB_DevConnect
 .text.USB_DevDisconnect
                0x000000000800581c       0x14 Drivers/STM32F1xx_HAL_Driver/Src/stm32f1xx_ll_usb.o
                0x000000000800581c                USB_DevDisconnect
 .text.USB_ReadInterrupts
                0x0000000008005830       0x1e Drivers/STM32F1xx_HAL_Driver/Src/stm32f1xx_ll_usb.o
                0x0000000008005830                USB_ReadInterrupts
 .text.USB_EP0_OutStart
                0x000000000800584e       0x16 Drivers/STM32F1xx_HAL_Driver/Src/stm32f1xx_ll_usb.o
                0x000000000800584e                USB_EP0_OutStart
 .text.USB_WritePMA
                0x0000000008005864       0x8a Drivers/STM32F1xx_HAL_Driver/Src/stm32f1xx_ll_usb.o
                0x0000000008005864                USB_WritePMA
 .text.USB_ReadPMA
                0x00000000080058ee       0x9e Drivers/STM32F1xx_HAL_Driver/Src/stm32f1xx_ll_usb.o
                0x00000000080058ee                USB_ReadPMA
 .text.USBD_CDC_Init
                0x000000000800598c       0xf4 Middlewares/ST/STM32_USB_Device_Library/Class/CDC/Src/usbd_cdc.o
 .text.USBD_CDC_DeInit
                0x0000000008005a80       0x6e Middlewares/ST/STM32_USB_Device_Library/Class/CDC/Src/usbd_cdc.o
 .text.USBD_CDC_Setup
                0x0000000008005aee      0x146 Middlewares/ST/STM32_USB_Device_Library/Class/CDC/Src/usbd_cdc.o
 .text.USBD_CDC_DataIn
                0x0000000008005c34       0xa6 Middlewares/ST/STM32_USB_Device_Library/Class/CDC/Src/usbd_cdc.o
 .text.USBD_CDC_DataOut
                0x0000000008005cda       0x56 Middlewares/ST/STM32_USB_Device_Library/Class/CDC/Src/usbd_cdc.o
 .text.USBD_CDC_EP0_RxReady
                0x0000000008005d30       0x50 Middlewares/ST/STM32_USB_Device_Library/Class/CDC/Src/usbd_cdc.o
 .text.USBD_CDC_GetFSCfgDesc
                0x0000000008005d80       0x20 Middlewares/ST/STM32_USB_Device_Library/Class/CDC/Src/usbd_cdc.o
 .text.USBD_CDC_GetHSCfgDesc
                0x0000000008005da0       0x20 Middlewares/ST/STM32_USB_Device_Library/Class/CDC/Src/usbd_cdc.o
 .text.USBD_CDC_GetOtherSpeedCfgDesc
                0x0000000008005dc0       0x20 Middlewares/ST/STM32_USB_Device_Library/Class/CDC/Src/usbd_cdc.o
 .text.USBD_CDC_GetDeviceQualifierDescriptor
                0x0000000008005de0       0x20 Middlewares/ST/STM32_USB_Device_Library/Class/CDC/Src/usbd_cdc.o
                0x0000000008005de0                USBD_CDC_GetDeviceQualifierDescriptor
 .text.USBD_CDC_RegisterInterface
                0x0000000008005e00       0x2c Middlewares/ST/STM32_USB_Device_Library/Class/CDC/Src/usbd_cdc.o
                0x0000000008005e00                USBD_CDC_RegisterInterface
 .text.USBD_CDC_SetTxBuffer
                0x0000000008005e2c       0x32 Middlewares/ST/STM32_USB_Device_Library/Class/CDC/Src/usbd_cdc.o
                0x0000000008005e2c                USBD_CDC_SetTxBuffer
 .text.USBD_CDC_SetRxBuffer
                0x0000000008005e5e       0x26 Middlewares/ST/STM32_USB_Device_Library/Class/CDC/Src/usbd_cdc.o
                0x0000000008005e5e                USBD_CDC_SetRxBuffer
 .text.USBD_CDC_TransmitPacket
                0x0000000008005e84       0x5e Middlewares/ST/STM32_USB_Device_Library/Class/CDC/Src/usbd_cdc.o
                0x0000000008005e84                USBD_CDC_TransmitPacket
 .text.USBD_CDC_ReceivePacket
                0x0000000008005ee2       0x54 Middlewares/ST/STM32_USB_Device_Library/Class/CDC/Src/usbd_cdc.o
                0x0000000008005ee2                USBD_CDC_ReceivePacket
 .text.USBD_Init
                0x0000000008005f36       0x56 Middlewares/ST/STM32_USB_Device_Library/Core/Src/usbd_core.o
                0x0000000008005f36                USBD_Init
 .text.USBD_RegisterClass
                0x0000000008005f8c       0x32 Middlewares/ST/STM32_USB_Device_Library/Core/Src/usbd_core.o
                0x0000000008005f8c                USBD_RegisterClass
 .text.USBD_Start
                0x0000000008005fbe       0x18 Middlewares/ST/STM32_USB_Device_Library/Core/Src/usbd_core.o
                0x0000000008005fbe                USBD_Start
 .text.USBD_RunTestMode
                0x0000000008005fd6       0x14 Middlewares/ST/STM32_USB_Device_Library/Core/Src/usbd_core.o
                0x0000000008005fd6                USBD_RunTestMode
 .text.USBD_SetClassConfig
                0x0000000008005fea       0x3e Middlewares/ST/STM32_USB_Device_Library/Core/Src/usbd_core.o
                0x0000000008005fea                USBD_SetClassConfig
 .text.USBD_ClrClassConfig
                0x0000000008006028       0x26 Middlewares/ST/STM32_USB_Device_Library/Core/Src/usbd_core.o
                0x0000000008006028                USBD_ClrClassConfig
 .text.USBD_LL_SetupStage
                0x000000000800604e       0x9a Middlewares/ST/STM32_USB_Device_Library/Core/Src/usbd_core.o
                0x000000000800604e                USBD_LL_SetupStage
 .text.USBD_LL_DataOutStage
                0x00000000080060e8       0xe2 Middlewares/ST/STM32_USB_Device_Library/Core/Src/usbd_core.o
                0x00000000080060e8                USBD_LL_DataOutStage
 .text.USBD_LL_DataInStage
                0x00000000080061ca      0x14a Middlewares/ST/STM32_USB_Device_Library/Core/Src/usbd_core.o
                0x00000000080061ca                USBD_LL_DataInStage
 .text.USBD_LL_Reset
                0x0000000008006314       0x82 Middlewares/ST/STM32_USB_Device_Library/Core/Src/usbd_core.o
                0x0000000008006314                USBD_LL_Reset
 .text.USBD_LL_SetSpeed
                0x0000000008006396       0x1e Middlewares/ST/STM32_USB_Device_Library/Core/Src/usbd_core.o
                0x0000000008006396                USBD_LL_SetSpeed
 .text.USBD_LL_Suspend
                0x00000000080063b4       0x28 Middlewares/ST/STM32_USB_Device_Library/Core/Src/usbd_core.o
                0x00000000080063b4                USBD_LL_Suspend
 .text.USBD_LL_Resume
                0x00000000080063dc       0x2a Middlewares/ST/STM32_USB_Device_Library/Core/Src/usbd_core.o
                0x00000000080063dc                USBD_LL_Resume
 .text.USBD_LL_SOF
                0x0000000008006406       0x34 Middlewares/ST/STM32_USB_Device_Library/Core/Src/usbd_core.o
                0x0000000008006406                USBD_LL_SOF
 *fill*         0x000000000800643a        0x2 
 .text.USBD_StdDevReq
                0x000000000800643c       0xd4 Middlewares/ST/STM32_USB_Device_Library/Core/Src/usbd_ctlreq.o
                0x000000000800643c                USBD_StdDevReq
 .text.USBD_StdItfReq
                0x0000000008006510       0x90 Middlewares/ST/STM32_USB_Device_Library/Core/Src/usbd_ctlreq.o
                0x0000000008006510                USBD_StdItfReq
 .text.USBD_StdEPReq
                0x00000000080065a0      0x2c6 Middlewares/ST/STM32_USB_Device_Library/Core/Src/usbd_ctlreq.o
                0x00000000080065a0                USBD_StdEPReq
 *fill*         0x0000000008006866        0x2 
 .text.USBD_GetDescriptor
                0x0000000008006868      0x2d0 Middlewares/ST/STM32_USB_Device_Library/Core/Src/usbd_ctlreq.o
 .text.USBD_SetAddress
                0x0000000008006b38       0x86 Middlewares/ST/STM32_USB_Device_Library/Core/Src/usbd_ctlreq.o
 *fill*         0x0000000008006bbe        0x2 
 .text.USBD_SetConfig
                0x0000000008006bc0      0x11c Middlewares/ST/STM32_USB_Device_Library/Core/Src/usbd_ctlreq.o
 .text.USBD_GetConfig
                0x0000000008006cdc       0x6a Middlewares/ST/STM32_USB_Device_Library/Core/Src/usbd_ctlreq.o
 .text.USBD_GetStatus
                0x0000000008006d46       0x66 Middlewares/ST/STM32_USB_Device_Library/Core/Src/usbd_ctlreq.o
 .text.USBD_SetFeature
                0x0000000008006dac       0x28 Middlewares/ST/STM32_USB_Device_Library/Core/Src/usbd_ctlreq.o
 .text.USBD_ClrFeature
                0x0000000008006dd4       0x42 Middlewares/ST/STM32_USB_Device_Library/Core/Src/usbd_ctlreq.o
 .text.USBD_ParseSetupRequest
                0x0000000008006e16       0x78 Middlewares/ST/STM32_USB_Device_Library/Core/Src/usbd_ctlreq.o
                0x0000000008006e16                USBD_ParseSetupRequest
 .text.USBD_CtlError
                0x0000000008006e8e       0x22 Middlewares/ST/STM32_USB_Device_Library/Core/Src/usbd_ctlreq.o
                0x0000000008006e8e                USBD_CtlError
 .text.USBD_GetString
                0x0000000008006eb0       0x84 Middlewares/ST/STM32_USB_Device_Library/Core/Src/usbd_ctlreq.o
                0x0000000008006eb0                USBD_GetString
 .text.USBD_GetLen
                0x0000000008006f34       0x2e Middlewares/ST/STM32_USB_Device_Library/Core/Src/usbd_ctlreq.o
 .text.USBD_CtlSendData
                0x0000000008006f62       0x38 Middlewares/ST/STM32_USB_Device_Library/Core/Src/usbd_ioreq.o
                0x0000000008006f62                USBD_CtlSendData
 .text.USBD_CtlContinueSendData
                0x0000000008006f9a       0x24 Middlewares/ST/STM32_USB_Device_Library/Core/Src/usbd_ioreq.o
                0x0000000008006f9a                USBD_CtlContinueSendData
 .text.USBD_CtlPrepareRx
                0x0000000008006fbe       0x3c Middlewares/ST/STM32_USB_Device_Library/Core/Src/usbd_ioreq.o
                0x0000000008006fbe                USBD_CtlPrepareRx
 .text.USBD_CtlContinueRx
                0x0000000008006ffa       0x24 Middlewares/ST/STM32_USB_Device_Library/Core/Src/usbd_ioreq.o
                0x0000000008006ffa                USBD_CtlContinueRx
 .text.USBD_CtlSendStatus
                0x000000000800701e       0x26 Middlewares/ST/STM32_USB_Device_Library/Core/Src/usbd_ioreq.o
                0x000000000800701e                USBD_CtlSendStatus
 .text.USBD_CtlReceiveStatus
                0x0000000008007044       0x26 Middlewares/ST/STM32_USB_Device_Library/Core/Src/usbd_ioreq.o
                0x0000000008007044                USBD_CtlReceiveStatus
 *fill*         0x000000000800706a        0x2 
 .text.MX_USB_DEVICE_Init
                0x000000000800706c       0x60 USB_DEVICE/App/usb_device.o
                0x000000000800706c                MX_USB_DEVICE_Init
 .text.CDC_Init_FS
                0x00000000080070cc       0x28 USB_DEVICE/App/usbd_cdc_if.o
 .text.CDC_DeInit_FS
                0x00000000080070f4        0xe USB_DEVICE/App/usbd_cdc_if.o
 *fill*         0x0000000008007102        0x2 
 .text.CDC_Control_FS
                0x0000000008007104       0xbc USB_DEVICE/App/usbd_cdc_if.o
 .text.CDC_Receive_FS
                0x00000000080071c0       0x28 USB_DEVICE/App/usbd_cdc_if.o
 .text.CDC_Transmit_FS
                0x00000000080071e8       0x4c USB_DEVICE/App/usbd_cdc_if.o
                0x00000000080071e8                CDC_Transmit_FS
 .text.USBD_FS_DeviceDescriptor
                0x0000000008007234       0x24 USB_DEVICE/App/usbd_desc.o
                0x0000000008007234                USBD_FS_DeviceDescriptor
 .text.USBD_FS_LangIDStrDescriptor
                0x0000000008007258       0x24 USB_DEVICE/App/usbd_desc.o
                0x0000000008007258                USBD_FS_LangIDStrDescriptor
 .text.USBD_FS_ProductStrDescriptor
                0x000000000800727c       0x3c USB_DEVICE/App/usbd_desc.o
                0x000000000800727c                USBD_FS_ProductStrDescriptor
 .text.USBD_FS_ManufacturerStrDescriptor
                0x00000000080072b8       0x28 USB_DEVICE/App/usbd_desc.o
                0x00000000080072b8                USBD_FS_ManufacturerStrDescriptor
 .text.USBD_FS_SerialStrDescriptor
                0x00000000080072e0       0x24 USB_DEVICE/App/usbd_desc.o
                0x00000000080072e0                USBD_FS_SerialStrDescriptor
 .text.USBD_FS_ConfigStrDescriptor
                0x0000000008007304       0x3c USB_DEVICE/App/usbd_desc.o
                0x0000000008007304                USBD_FS_ConfigStrDescriptor
 .text.USBD_FS_InterfaceStrDescriptor
                0x0000000008007340       0x3c USB_DEVICE/App/usbd_desc.o
                0x0000000008007340                USBD_FS_InterfaceStrDescriptor
 .text.Get_SerialNum
                0x000000000800737c       0x58 USB_DEVICE/App/usbd_desc.o
 .text.IntToUnicode
                0x00000000080073d4       0x7c USB_DEVICE/App/usbd_desc.o
 .text.HAL_PCD_MspInit
                0x0000000008007450       0x4c USB_DEVICE/Target/usbd_conf.o
                0x0000000008007450                HAL_PCD_MspInit
 .text.HAL_PCD_SetupStageCallback
                0x000000000800749c       0x24 USB_DEVICE/Target/usbd_conf.o
                0x000000000800749c                HAL_PCD_SetupStageCallback
 .text.HAL_PCD_DataOutStageCallback
                0x00000000080074c0       0x36 USB_DEVICE/Target/usbd_conf.o
                0x00000000080074c0                HAL_PCD_DataOutStageCallback
 .text.HAL_PCD_DataInStageCallback
                0x00000000080074f6       0x34 USB_DEVICE/Target/usbd_conf.o
                0x00000000080074f6                HAL_PCD_DataInStageCallback
 .text.HAL_PCD_SOFCallback
                0x000000000800752a       0x1c USB_DEVICE/Target/usbd_conf.o
                0x000000000800752a                HAL_PCD_SOFCallback
 .text.HAL_PCD_ResetCallback
                0x0000000008007546       0x3c USB_DEVICE/Target/usbd_conf.o
                0x0000000008007546                HAL_PCD_ResetCallback
 *fill*         0x0000000008007582        0x2 
 .text.HAL_PCD_SuspendCallback
                0x0000000008007584       0x34 USB_DEVICE/Target/usbd_conf.o
                0x0000000008007584                HAL_PCD_SuspendCallback
 .text.HAL_PCD_ResumeCallback
                0x00000000080075b8       0x1c USB_DEVICE/Target/usbd_conf.o
                0x00000000080075b8                HAL_PCD_ResumeCallback
 .text.USBD_LL_Init
                0x00000000080075d4       0xb4 USB_DEVICE/Target/usbd_conf.o
                0x00000000080075d4                USBD_LL_Init
 .text.USBD_LL_Start
                0x0000000008007688       0x36 USB_DEVICE/Target/usbd_conf.o
                0x0000000008007688                USBD_LL_Start
 .text.USBD_LL_OpenEP
                0x00000000080076be       0x4c USB_DEVICE/Target/usbd_conf.o
                0x00000000080076be                USBD_LL_OpenEP
 .text.USBD_LL_CloseEP
                0x000000000800770a       0x3e USB_DEVICE/Target/usbd_conf.o
                0x000000000800770a                USBD_LL_CloseEP
 .text.USBD_LL_StallEP
                0x0000000008007748       0x3e USB_DEVICE/Target/usbd_conf.o
                0x0000000008007748                USBD_LL_StallEP
 .text.USBD_LL_ClearStallEP
                0x0000000008007786       0x3e USB_DEVICE/Target/usbd_conf.o
                0x0000000008007786                USBD_LL_ClearStallEP
 .text.USBD_LL_IsStallEP
                0x00000000080077c4       0x58 USB_DEVICE/Target/usbd_conf.o
                0x00000000080077c4                USBD_LL_IsStallEP
 .text.USBD_LL_SetUSBAddress
                0x000000000800781c       0x3e USB_DEVICE/Target/usbd_conf.o
                0x000000000800781c                USBD_LL_SetUSBAddress
 .text.USBD_LL_Transmit
                0x000000000800785a       0x46 USB_DEVICE/Target/usbd_conf.o
                0x000000000800785a                USBD_LL_Transmit
 .text.USBD_LL_PrepareReceive
                0x00000000080078a0       0x46 USB_DEVICE/Target/usbd_conf.o
                0x00000000080078a0                USBD_LL_PrepareReceive
 .text.USBD_LL_GetRxDataSize
                0x00000000080078e6       0x26 USB_DEVICE/Target/usbd_conf.o
                0x00000000080078e6                USBD_LL_GetRxDataSize
 .text.USBD_static_malloc
                0x000000000800790c       0x18 USB_DEVICE/Target/usbd_conf.o
                0x000000000800790c                USBD_static_malloc
 .text.USBD_static_free
                0x0000000008007924       0x12 USB_DEVICE/Target/usbd_conf.o
                0x0000000008007924                USBD_static_free
 .text.HAL_PCDEx_SetConnectionState
                0x0000000008007936       0x16 USB_DEVICE/Target/usbd_conf.o
                0x0000000008007936                HAL_PCDEx_SetConnectionState
 .text.USBD_Get_USB_Status
                0x000000000800794c       0x58 USB_DEVICE/Target/usbd_conf.o
 .text.__libc_init_array
                0x00000000080079a4       0x48 /Applications/STM32CubeIDE.app/Contents/Eclipse/plugins/com.st.stm32cube.ide.mcu.externaltools.gnu-tools-for-stm32.9-2020-q2-update.macos64_1.5.0.202011040924/tools/bin/../lib/gcc/arm-none-eabi/9.3.1/../../../../arm-none-eabi/lib/thumb/v7-m/nofp/libc_nano.a(lib_a-init.o)
                0x00000000080079a4                __libc_init_array
 .text.memset   0x00000000080079ec       0x10 /Applications/STM32CubeIDE.app/Contents/Eclipse/plugins/com.st.stm32cube.ide.mcu.externaltools.gnu-tools-for-stm32.9-2020-q2-update.macos64_1.5.0.202011040924/tools/bin/../lib/gcc/arm-none-eabi/9.3.1/../../../../arm-none-eabi/lib/thumb/v7-m/nofp/libc_nano.a(lib_a-memset.o)
                0x00000000080079ec                memset
 *(.glue_7)
 .glue_7        0x00000000080079fc        0x0 linker stubs
 *(.glue_7t)
 .glue_7t       0x00000000080079fc        0x0 linker stubs
 *(.eh_frame)
 .eh_frame      0x00000000080079fc        0x0 /Applications/STM32CubeIDE.app/Contents/Eclipse/plugins/com.st.stm32cube.ide.mcu.externaltools.gnu-tools-for-stm32.9-2020-q2-update.macos64_1.5.0.202011040924/tools/bin/../lib/gcc/arm-none-eabi/9.3.1/thumb/v7-m/nofp/crtbegin.o
 *(.init)
 .init          0x00000000080079fc        0x4 /Applications/STM32CubeIDE.app/Contents/Eclipse/plugins/com.st.stm32cube.ide.mcu.externaltools.gnu-tools-for-stm32.9-2020-q2-update.macos64_1.5.0.202011040924/tools/bin/../lib/gcc/arm-none-eabi/9.3.1/thumb/v7-m/nofp/crti.o
                0x00000000080079fc                _init
 .init          0x0000000008007a00        0x8 /Applications/STM32CubeIDE.app/Contents/Eclipse/plugins/com.st.stm32cube.ide.mcu.externaltools.gnu-tools-for-stm32.9-2020-q2-update.macos64_1.5.0.202011040924/tools/bin/../lib/gcc/arm-none-eabi/9.3.1/thumb/v7-m/nofp/crtn.o
 *(.fini)
 .fini          0x0000000008007a08        0x4 /Applications/STM32CubeIDE.app/Contents/Eclipse/plugins/com.st.stm32cube.ide.mcu.externaltools.gnu-tools-for-stm32.9-2020-q2-update.macos64_1.5.0.202011040924/tools/bin/../lib/gcc/arm-none-eabi/9.3.1/thumb/v7-m/nofp/crti.o
                0x0000000008007a08                _fini
 .fini          0x0000000008007a0c        0x8 /Applications/STM32CubeIDE.app/Contents/Eclipse/plugins/com.st.stm32cube.ide.mcu.externaltools.gnu-tools-for-stm32.9-2020-q2-update.macos64_1.5.0.202011040924/tools/bin/../lib/gcc/arm-none-eabi/9.3.1/thumb/v7-m/nofp/crtn.o
                0x0000000008007a14                . = ALIGN (0x4)
                0x0000000008007a14                _etext = .

.vfp11_veneer   0x0000000008007a14        0x0
 .vfp11_veneer  0x0000000008007a14        0x0 linker stubs

.v4_bx          0x0000000008007a14        0x0
 .v4_bx         0x0000000008007a14        0x0 linker stubs

.iplt           0x0000000008007a14        0x0
 .iplt          0x0000000008007a14        0x0 /Applications/STM32CubeIDE.app/Contents/Eclipse/plugins/com.st.stm32cube.ide.mcu.externaltools.gnu-tools-for-stm32.9-2020-q2-update.macos64_1.5.0.202011040924/tools/bin/../lib/gcc/arm-none-eabi/9.3.1/thumb/v7-m/nofp/crtbegin.o

.rodata         0x0000000008007a14       0x68
                0x0000000008007a14                . = ALIGN (0x4)
 *(.rodata)
 .rodata        0x0000000008007a14       0x10 Drivers/STM32F1xx_HAL_Driver/Src/stm32f1xx_hal_rcc.o
 .rodata        0x0000000008007a24       0x46 USB_DEVICE/App/usbd_desc.o
 *(.rodata*)
 *fill*         0x0000000008007a6a        0x2 
 .rodata.AHBPrescTable
                0x0000000008007a6c       0x10 Core/Src/system_stm32f1xx.o
                0x0000000008007a6c                AHBPrescTable
                0x0000000008007a7c                . = ALIGN (0x4)

.rel.dyn        0x0000000008007a7c        0x0
 .rel.iplt      0x0000000008007a7c        0x0 /Applications/STM32CubeIDE.app/Contents/Eclipse/plugins/com.st.stm32cube.ide.mcu.externaltools.gnu-tools-for-stm32.9-2020-q2-update.macos64_1.5.0.202011040924/tools/bin/../lib/gcc/arm-none-eabi/9.3.1/thumb/v7-m/nofp/crtbegin.o

.ARM.extab      0x0000000008007a7c        0x0
                0x0000000008007a7c                . = ALIGN (0x4)
 *(.ARM.extab* .gnu.linkonce.armextab.*)
                0x0000000008007a7c                . = ALIGN (0x4)

.ARM            0x0000000008007a7c        0x0
                0x0000000008007a7c                . = ALIGN (0x4)
                0x0000000008007a7c                __exidx_start = .
 *(.ARM.exidx*)
                0x0000000008007a7c                __exidx_end = .
                0x0000000008007a7c                . = ALIGN (0x4)

.preinit_array  0x0000000008007a7c        0x0
                0x0000000008007a7c                . = ALIGN (0x4)
                0x0000000008007a7c                PROVIDE (__preinit_array_start = .)
 *(.preinit_array*)
                0x0000000008007a7c                PROVIDE (__preinit_array_end = .)
                0x0000000008007a7c                . = ALIGN (0x4)

.init_array     0x0000000008007a7c        0x4
                0x0000000008007a7c                . = ALIGN (0x4)
                0x0000000008007a7c                PROVIDE (__init_array_start = .)
 *(SORT_BY_NAME(.init_array.*))
 *(.init_array*)
 .init_array    0x0000000008007a7c        0x4 /Applications/STM32CubeIDE.app/Contents/Eclipse/plugins/com.st.stm32cube.ide.mcu.externaltools.gnu-tools-for-stm32.9-2020-q2-update.macos64_1.5.0.202011040924/tools/bin/../lib/gcc/arm-none-eabi/9.3.1/thumb/v7-m/nofp/crtbegin.o
                0x0000000008007a80                PROVIDE (__init_array_end = .)
                0x0000000008007a80                . = ALIGN (0x4)

.fini_array     0x0000000008007a80        0x4
                0x0000000008007a80                . = ALIGN (0x4)
                [!provide]                        PROVIDE (__fini_array_start = .)
 *(SORT_BY_NAME(.fini_array.*))
 *(.fini_array*)
 .fini_array    0x0000000008007a80        0x4 /Applications/STM32CubeIDE.app/Contents/Eclipse/plugins/com.st.stm32cube.ide.mcu.externaltools.gnu-tools-for-stm32.9-2020-q2-update.macos64_1.5.0.202011040924/tools/bin/../lib/gcc/arm-none-eabi/9.3.1/thumb/v7-m/nofp/crtbegin.o
                [!provide]                        PROVIDE (__fini_array_end = .)
                0x0000000008007a84                . = ALIGN (0x4)
                0x0000000008007a84                _sidata = LOADADDR (.data)

.data           0x0000000020000000      0x17c load address 0x0000000008007a84
                0x0000000020000000                . = ALIGN (0x4)
                0x0000000020000000                _sdata = .
 *(.data)
 *(.data*)
 .data.SystemCoreClock
                0x0000000020000000        0x4 Core/Src/system_stm32f1xx.o
                0x0000000020000000                SystemCoreClock
 .data.uwTickPrio
                0x0000000020000004        0x4 Drivers/STM32F1xx_HAL_Driver/Src/stm32f1xx_hal.o
                0x0000000020000004                uwTickPrio
 .data.uwTickFreq
                0x0000000020000008        0x1 Drivers/STM32F1xx_HAL_Driver/Src/stm32f1xx_hal.o
                0x0000000020000008                uwTickFreq
 *fill*         0x0000000020000009        0x3 
 .data.USBD_CDC_DeviceQualifierDesc
                0x000000002000000c        0xa Middlewares/ST/STM32_USB_Device_Library/Class/CDC/Src/usbd_cdc.o
 *fill*         0x0000000020000016        0x2 
 .data.USBD_CDC
                0x0000000020000018       0x38 Middlewares/ST/STM32_USB_Device_Library/Class/CDC/Src/usbd_cdc.o
                0x0000000020000018                USBD_CDC
 .data.USBD_CDC_CfgHSDesc
                0x0000000020000050       0x43 Middlewares/ST/STM32_USB_Device_Library/Class/CDC/Src/usbd_cdc.o
                0x0000000020000050                USBD_CDC_CfgHSDesc
 *fill*         0x0000000020000093        0x1 
 .data.USBD_CDC_CfgFSDesc
                0x0000000020000094       0x43 Middlewares/ST/STM32_USB_Device_Library/Class/CDC/Src/usbd_cdc.o
                0x0000000020000094                USBD_CDC_CfgFSDesc
 *fill*         0x00000000200000d7        0x1 
 .data.USBD_CDC_OtherSpeedCfgDesc
                0x00000000200000d8       0x43 Middlewares/ST/STM32_USB_Device_Library/Class/CDC/Src/usbd_cdc.o
                0x00000000200000d8                USBD_CDC_OtherSpeedCfgDesc
 *fill*         0x000000002000011b        0x1 
 .data.USBD_Interface_fops_FS
                0x000000002000011c       0x10 USB_DEVICE/App/usbd_cdc_if.o
                0x000000002000011c                USBD_Interface_fops_FS
 .data.FS_Desc  0x000000002000012c       0x1c USB_DEVICE/App/usbd_desc.o
                0x000000002000012c                FS_Desc
 .data.USBD_FS_DeviceDesc
                0x0000000020000148       0x12 USB_DEVICE/App/usbd_desc.o
                0x0000000020000148                USBD_FS_DeviceDesc
 *fill*         0x000000002000015a        0x2 
 .data.USBD_LangIDDesc
                0x000000002000015c        0x4 USB_DEVICE/App/usbd_desc.o
                0x000000002000015c                USBD_LangIDDesc
 .data.USBD_StringSerial
                0x0000000020000160       0x1a USB_DEVICE/App/usbd_desc.o
                0x0000000020000160                USBD_StringSerial
 *(.RamFunc)
 *(.RamFunc*)
                0x000000002000017c                . = ALIGN (0x4)
 *fill*         0x000000002000017a        0x2 
                0x000000002000017c                _edata = .

.igot.plt       0x000000002000017c        0x0 load address 0x0000000008007c00
 .igot.plt      0x000000002000017c        0x0 /Applications/STM32CubeIDE.app/Contents/Eclipse/plugins/com.st.stm32cube.ide.mcu.externaltools.gnu-tools-for-stm32.9-2020-q2-update.macos64_1.5.0.202011040924/tools/bin/../lib/gcc/arm-none-eabi/9.3.1/thumb/v7-m/nofp/crtbegin.o
                0x000000002000017c                . = ALIGN (0x4)

.bss            0x000000002000017c     0x1250 load address 0x0000000008007c00
                0x000000002000017c                _sbss = .
                0x000000002000017c                __bss_start__ = _sbss
 *(.bss)
 .bss           0x000000002000017c       0x1c /Applications/STM32CubeIDE.app/Contents/Eclipse/plugins/com.st.stm32cube.ide.mcu.externaltools.gnu-tools-for-stm32.9-2020-q2-update.macos64_1.5.0.202011040924/tools/bin/../lib/gcc/arm-none-eabi/9.3.1/thumb/v7-m/nofp/crtbegin.o
 *(.bss*)
 .bss.adc_buffer
                0x0000000020000198        0xc Core/Src/main.o
                0x0000000020000198                adc_buffer
 .bss.cfgidx.7840
                0x00000000200001a4        0x1 Middlewares/ST/STM32_USB_Device_Library/Core/Src/usbd_ctlreq.o
 *fill*         0x00000000200001a5        0x3 
 .bss.mem.7910  0x00000000200001a8      0x220 USB_DEVICE/Target/usbd_conf.o
 *(COMMON)
 COMMON         0x00000000200003c8       0x80 Core/Src/main.o
                0x00000000200003c8                hadc1
                0x00000000200003f8                hdma_adc1
                0x000000002000043c                user_data
 COMMON         0x0000000020000448        0x4 Drivers/STM32F1xx_HAL_Driver/Src/stm32f1xx_hal.o
                0x0000000020000448                uwTick
 COMMON         0x000000002000044c      0x2c4 USB_DEVICE/App/usb_device.o
                0x000000002000044c                hUsbDeviceFS
 COMMON         0x0000000020000710      0x7d0 USB_DEVICE/App/usbd_cdc_if.o
                0x0000000020000710                UserRxBufferFS
                0x0000000020000af8                UserTxBufferFS
 COMMON         0x0000000020000ee0      0x200 USB_DEVICE/App/usbd_desc.o
                0x0000000020000ee0                USBD_StrDesc
 COMMON         0x00000000200010e0      0x2ec USB_DEVICE/Target/usbd_conf.o
                0x00000000200010e0                hpcd_USB_FS
                0x00000000200013cc                . = ALIGN (0x4)
                0x00000000200013cc                _ebss = .
                0x00000000200013cc                __bss_end__ = _ebss

._user_heap_stack
                0x00000000200013cc      0x604 load address 0x0000000008007c00
                0x00000000200013d0                . = ALIGN (0x8)
 *fill*         0x00000000200013cc        0x4 
                [!provide]                        PROVIDE (end = .)
                0x00000000200013d0                PROVIDE (_end = .)
                0x00000000200015d0                . = (. + _Min_Heap_Size)
 *fill*         0x00000000200013d0      0x200 
                0x00000000200019d0                . = (. + _Min_Stack_Size)
 *fill*         0x00000000200015d0      0x400 
                0x00000000200019d0                . = ALIGN (0x8)

/DISCARD/
 libc.a(*)
 libm.a(*)
 libgcc.a(*)

.ARM.attributes
                0x0000000000000000       0x29
 *(.ARM.attributes)
 .ARM.attributes
                0x0000000000000000       0x1d /Applications/STM32CubeIDE.app/Contents/Eclipse/plugins/com.st.stm32cube.ide.mcu.externaltools.gnu-tools-for-stm32.9-2020-q2-update.macos64_1.5.0.202011040924/tools/bin/../lib/gcc/arm-none-eabi/9.3.1/thumb/v7-m/nofp/crti.o
 .ARM.attributes
                0x000000000000001d       0x2d /Applications/STM32CubeIDE.app/Contents/Eclipse/plugins/com.st.stm32cube.ide.mcu.externaltools.gnu-tools-for-stm32.9-2020-q2-update.macos64_1.5.0.202011040924/tools/bin/../lib/gcc/arm-none-eabi/9.3.1/thumb/v7-m/nofp/crtbegin.o
 .ARM.attributes
                0x000000000000004a       0x2d Core/Src/main.o
 .ARM.attributes
                0x0000000000000077       0x2d Core/Src/stm32f1xx_hal_msp.o
 .ARM.attributes
                0x00000000000000a4       0x2d Core/Src/stm32f1xx_it.o
 .ARM.attributes
                0x00000000000000d1       0x2d Core/Src/system_stm32f1xx.o
 .ARM.attributes
                0x00000000000000fe       0x21 Core/Startup/startup_stm32f103c8tx.o
 .ARM.attributes
                0x000000000000011f       0x2d Drivers/STM32F1xx_HAL_Driver/Src/stm32f1xx_hal.o
 .ARM.attributes
                0x000000000000014c       0x2d Drivers/STM32F1xx_HAL_Driver/Src/stm32f1xx_hal_adc.o
 .ARM.attributes
                0x0000000000000179       0x2d Drivers/STM32F1xx_HAL_Driver/Src/stm32f1xx_hal_cortex.o
 .ARM.attributes
                0x00000000000001a6       0x2d Drivers/STM32F1xx_HAL_Driver/Src/stm32f1xx_hal_dma.o
 .ARM.attributes
                0x00000000000001d3       0x2d Drivers/STM32F1xx_HAL_Driver/Src/stm32f1xx_hal_gpio.o
 .ARM.attributes
                0x0000000000000200       0x2d Drivers/STM32F1xx_HAL_Driver/Src/stm32f1xx_hal_pcd.o
 .ARM.attributes
                0x000000000000022d       0x2d Drivers/STM32F1xx_HAL_Driver/Src/stm32f1xx_hal_pcd_ex.o
 .ARM.attributes
                0x000000000000025a       0x2d Drivers/STM32F1xx_HAL_Driver/Src/stm32f1xx_hal_rcc.o
 .ARM.attributes
                0x0000000000000287       0x2d Drivers/STM32F1xx_HAL_Driver/Src/stm32f1xx_hal_rcc_ex.o
 .ARM.attributes
                0x00000000000002b4       0x2d Drivers/STM32F1xx_HAL_Driver/Src/stm32f1xx_ll_usb.o
 .ARM.attributes
                0x00000000000002e1       0x2d Middlewares/ST/STM32_USB_Device_Library/Class/CDC/Src/usbd_cdc.o
 .ARM.attributes
                0x000000000000030e       0x2d Middlewares/ST/STM32_USB_Device_Library/Core/Src/usbd_core.o
 .ARM.attributes
                0x000000000000033b       0x2d Middlewares/ST/STM32_USB_Device_Library/Core/Src/usbd_ctlreq.o
 .ARM.attributes
                0x0000000000000368       0x2d Middlewares/ST/STM32_USB_Device_Library/Core/Src/usbd_ioreq.o
 .ARM.attributes
                0x0000000000000395       0x2d USB_DEVICE/App/usb_device.o
 .ARM.attributes
                0x00000000000003c2       0x2d USB_DEVICE/App/usbd_cdc_if.o
 .ARM.attributes
                0x00000000000003ef       0x2d USB_DEVICE/App/usbd_desc.o
 .ARM.attributes
                0x000000000000041c       0x2d USB_DEVICE/Target/usbd_conf.o
 .ARM.attributes
                0x0000000000000449       0x2d /Applications/STM32CubeIDE.app/Contents/Eclipse/plugins/com.st.stm32cube.ide.mcu.externaltools.gnu-tools-for-stm32.9-2020-q2-update.macos64_1.5.0.202011040924/tools/bin/../lib/gcc/arm-none-eabi/9.3.1/../../../../arm-none-eabi/lib/thumb/v7-m/nofp/libc_nano.a(lib_a-init.o)
 .ARM.attributes
                0x0000000000000476       0x2d /Applications/STM32CubeIDE.app/Contents/Eclipse/plugins/com.st.stm32cube.ide.mcu.externaltools.gnu-tools-for-stm32.9-2020-q2-update.macos64_1.5.0.202011040924/tools/bin/../lib/gcc/arm-none-eabi/9.3.1/../../../../arm-none-eabi/lib/thumb/v7-m/nofp/libc_nano.a(lib_a-memset.o)
 .ARM.attributes
                0x00000000000004a3       0x1d /Applications/STM32CubeIDE.app/Contents/Eclipse/plugins/com.st.stm32cube.ide.mcu.externaltools.gnu-tools-for-stm32.9-2020-q2-update.macos64_1.5.0.202011040924/tools/bin/../lib/gcc/arm-none-eabi/9.3.1/thumb/v7-m/nofp/crtn.o
OUTPUT(ADC_DEMO1.elf elf32-littlearm)
LOAD linker stubs
LOAD /Applications/STM32CubeIDE.app/Contents/Eclipse/plugins/com.st.stm32cube.ide.mcu.externaltools.gnu-tools-for-stm32.9-2020-q2-update.macos64_1.5.0.202011040924/tools/bin/../lib/gcc/arm-none-eabi/9.3.1/../../../../arm-none-eabi/lib/thumb/v7-m/nofp/libc.a
LOAD /Applications/STM32CubeIDE.app/Contents/Eclipse/plugins/com.st.stm32cube.ide.mcu.externaltools.gnu-tools-for-stm32.9-2020-q2-update.macos64_1.5.0.202011040924/tools/bin/../lib/gcc/arm-none-eabi/9.3.1/../../../../arm-none-eabi/lib/thumb/v7-m/nofp/libm.a
LOAD /Applications/STM32CubeIDE.app/Contents/Eclipse/plugins/com.st.stm32cube.ide.mcu.externaltools.gnu-tools-for-stm32.9-2020-q2-update.macos64_1.5.0.202011040924/tools/bin/../lib/gcc/arm-none-eabi/9.3.1/thumb/v7-m/nofp/libgcc.a

.debug_info     0x0000000000000000    0x13782
 .debug_info    0x0000000000000000     0x14be Core/Src/main.o
 .debug_info    0x00000000000014be      0x90d Core/Src/stm32f1xx_hal_msp.o
 .debug_info    0x0000000000001dcb      0x930 Core/Src/stm32f1xx_it.o
 .debug_info    0x00000000000026fb      0x2be Core/Src/system_stm32f1xx.o
 .debug_info    0x00000000000029b9       0x22 Core/Startup/startup_stm32f103c8tx.o
 .debug_info    0x00000000000029db      0x76a Drivers/STM32F1xx_HAL_Driver/Src/stm32f1xx_hal.o
 .debug_info    0x0000000000003145      0xd2d Drivers/STM32F1xx_HAL_Driver/Src/stm32f1xx_hal_adc.o
 .debug_info    0x0000000000003e72      0xbdc Drivers/STM32F1xx_HAL_Driver/Src/stm32f1xx_hal_cortex.o
 .debug_info    0x0000000000004a4e      0x81e Drivers/STM32F1xx_HAL_Driver/Src/stm32f1xx_hal_dma.o
 .debug_info    0x000000000000526c      0x701 Drivers/STM32F1xx_HAL_Driver/Src/stm32f1xx_hal_gpio.o
 .debug_info    0x000000000000596d     0x1332 Drivers/STM32F1xx_HAL_Driver/Src/stm32f1xx_hal_pcd.o
 .debug_info    0x0000000000006c9f      0x7fa Drivers/STM32F1xx_HAL_Driver/Src/stm32f1xx_hal_pcd_ex.o
 .debug_info    0x0000000000007499      0x88e Drivers/STM32F1xx_HAL_Driver/Src/stm32f1xx_hal_rcc.o
 .debug_info    0x0000000000007d27      0x480 Drivers/STM32F1xx_HAL_Driver/Src/stm32f1xx_hal_rcc_ex.o
 .debug_info    0x00000000000081a7     0x1911 Drivers/STM32F1xx_HAL_Driver/Src/stm32f1xx_ll_usb.o
 .debug_info    0x0000000000009ab8     0x1938 Middlewares/ST/STM32_USB_Device_Library/Class/CDC/Src/usbd_cdc.o
 .debug_info    0x000000000000b3f0     0x12ef Middlewares/ST/STM32_USB_Device_Library/Core/Src/usbd_core.o
 .debug_info    0x000000000000c6df     0x125c Middlewares/ST/STM32_USB_Device_Library/Core/Src/usbd_ctlreq.o
 .debug_info    0x000000000000d93b     0x102e Middlewares/ST/STM32_USB_Device_Library/Core/Src/usbd_ioreq.o
 .debug_info    0x000000000000e969      0xf6b USB_DEVICE/App/usb_device.o
 .debug_info    0x000000000000f8d4     0x1140 USB_DEVICE/App/usbd_cdc_if.o
 .debug_info    0x0000000000010a14      0xde8 USB_DEVICE/App/usbd_desc.o
 .debug_info    0x00000000000117fc     0x1f86 USB_DEVICE/Target/usbd_conf.o

.debug_abbrev   0x0000000000000000     0x31fd
 .debug_abbrev  0x0000000000000000      0x2f8 Core/Src/main.o
 .debug_abbrev  0x00000000000002f8      0x1ac Core/Src/stm32f1xx_hal_msp.o
 .debug_abbrev  0x00000000000004a4      0x194 Core/Src/stm32f1xx_it.o
 .debug_abbrev  0x0000000000000638      0x14e Core/Src/system_stm32f1xx.o
 .debug_abbrev  0x0000000000000786       0x12 Core/Startup/startup_stm32f103c8tx.o
 .debug_abbrev  0x0000000000000798      0x1ed Drivers/STM32F1xx_HAL_Driver/Src/stm32f1xx_hal.o
 .debug_abbrev  0x0000000000000985      0x1fb Drivers/STM32F1xx_HAL_Driver/Src/stm32f1xx_hal_adc.o
 .debug_abbrev  0x0000000000000b80      0x313 Drivers/STM32F1xx_HAL_Driver/Src/stm32f1xx_hal_cortex.o
 .debug_abbrev  0x0000000000000e93      0x228 Drivers/STM32F1xx_HAL_Driver/Src/stm32f1xx_hal_dma.o
 .debug_abbrev  0x00000000000010bb      0x1e8 Drivers/STM32F1xx_HAL_Driver/Src/stm32f1xx_hal_gpio.o
 .debug_abbrev  0x00000000000012a3      0x29e Drivers/STM32F1xx_HAL_Driver/Src/stm32f1xx_hal_pcd.o
 .debug_abbrev  0x0000000000001541      0x1ac Drivers/STM32F1xx_HAL_Driver/Src/stm32f1xx_hal_pcd_ex.o
 .debug_abbrev  0x00000000000016ed      0x273 Drivers/STM32F1xx_HAL_Driver/Src/stm32f1xx_hal_rcc.o
 .debug_abbrev  0x0000000000001960      0x193 Drivers/STM32F1xx_HAL_Driver/Src/stm32f1xx_hal_rcc_ex.o
 .debug_abbrev  0x0000000000001af3      0x1fa Drivers/STM32F1xx_HAL_Driver/Src/stm32f1xx_ll_usb.o
 .debug_abbrev  0x0000000000001ced      0x2f6 Middlewares/ST/STM32_USB_Device_Library/Class/CDC/Src/usbd_cdc.o
 .debug_abbrev  0x0000000000001fe3      0x2a8 Middlewares/ST/STM32_USB_Device_Library/Core/Src/usbd_core.o
 .debug_abbrev  0x000000000000228b      0x2de Middlewares/ST/STM32_USB_Device_Library/Core/Src/usbd_ctlreq.o
 .debug_abbrev  0x0000000000002569      0x20a Middlewares/ST/STM32_USB_Device_Library/Core/Src/usbd_ioreq.o
 .debug_abbrev  0x0000000000002773      0x1e4 USB_DEVICE/App/usb_device.o
 .debug_abbrev  0x0000000000002957      0x2bf USB_DEVICE/App/usbd_cdc_if.o
 .debug_abbrev  0x0000000000002c16      0x2ca USB_DEVICE/App/usbd_desc.o
 .debug_abbrev  0x0000000000002ee0      0x31d USB_DEVICE/Target/usbd_conf.o

.debug_aranges  0x0000000000000000      0xc00
 .debug_aranges
                0x0000000000000000       0x50 Core/Src/main.o
 .debug_aranges
                0x0000000000000050       0x30 Core/Src/stm32f1xx_hal_msp.o
 .debug_aranges
                0x0000000000000080       0x70 Core/Src/stm32f1xx_it.o
 .debug_aranges
                0x00000000000000f0       0x28 Core/Src/system_stm32f1xx.o
 .debug_aranges
                0x0000000000000118       0x28 Core/Startup/startup_stm32f103c8tx.o
 .debug_aranges
                0x0000000000000140       0xe0 Drivers/STM32F1xx_HAL_Driver/Src/stm32f1xx_hal.o
 .debug_aranges
                0x0000000000000220       0xf0 Drivers/STM32F1xx_HAL_Driver/Src/stm32f1xx_hal_adc.o
 .debug_aranges
                0x0000000000000310      0x100 Drivers/STM32F1xx_HAL_Driver/Src/stm32f1xx_hal_cortex.o
 .debug_aranges
                0x0000000000000410       0x80 Drivers/STM32F1xx_HAL_Driver/Src/stm32f1xx_hal_dma.o
 .debug_aranges
                0x0000000000000490       0x58 Drivers/STM32F1xx_HAL_Driver/Src/stm32f1xx_hal_gpio.o
 .debug_aranges
                0x00000000000004e8      0x138 Drivers/STM32F1xx_HAL_Driver/Src/stm32f1xx_hal_pcd.o
 .debug_aranges
                0x0000000000000620       0x38 Drivers/STM32F1xx_HAL_Driver/Src/stm32f1xx_hal_pcd_ex.o
 .debug_aranges
                0x0000000000000658       0x90 Drivers/STM32F1xx_HAL_Driver/Src/stm32f1xx_hal_rcc.o
 .debug_aranges
                0x00000000000006e8       0x30 Drivers/STM32F1xx_HAL_Driver/Src/stm32f1xx_hal_rcc_ex.o
 .debug_aranges
                0x0000000000000718       0xf0 Drivers/STM32F1xx_HAL_Driver/Src/stm32f1xx_ll_usb.o
 .debug_aranges
                0x0000000000000808       0x90 Middlewares/ST/STM32_USB_Device_Library/Class/CDC/Src/usbd_cdc.o
 .debug_aranges
                0x0000000000000898       0xb8 Middlewares/ST/STM32_USB_Device_Library/Core/Src/usbd_core.o
 .debug_aranges
                0x0000000000000950       0x88 Middlewares/ST/STM32_USB_Device_Library/Core/Src/usbd_ctlreq.o
 .debug_aranges
                0x00000000000009d8       0x50 Middlewares/ST/STM32_USB_Device_Library/Core/Src/usbd_ioreq.o
 .debug_aranges
                0x0000000000000a28       0x20 USB_DEVICE/App/usb_device.o
 .debug_aranges
                0x0000000000000a48       0x40 USB_DEVICE/App/usbd_cdc_if.o
 .debug_aranges
                0x0000000000000a88       0x60 USB_DEVICE/App/usbd_desc.o
 .debug_aranges
                0x0000000000000ae8      0x118 USB_DEVICE/Target/usbd_conf.o

.debug_ranges   0x0000000000000000      0xa98
 .debug_ranges  0x0000000000000000       0x40 Core/Src/main.o
 .debug_ranges  0x0000000000000040       0x20 Core/Src/stm32f1xx_hal_msp.o
 .debug_ranges  0x0000000000000060       0x60 Core/Src/stm32f1xx_it.o
 .debug_ranges  0x00000000000000c0       0x18 Core/Src/system_stm32f1xx.o
 .debug_ranges  0x00000000000000d8       0x20 Core/Startup/startup_stm32f103c8tx.o
 .debug_ranges  0x00000000000000f8       0xd0 Drivers/STM32F1xx_HAL_Driver/Src/stm32f1xx_hal.o
 .debug_ranges  0x00000000000001c8       0xe0 Drivers/STM32F1xx_HAL_Driver/Src/stm32f1xx_hal_adc.o
 .debug_ranges  0x00000000000002a8       0xf0 Drivers/STM32F1xx_HAL_Driver/Src/stm32f1xx_hal_cortex.o
 .debug_ranges  0x0000000000000398       0x70 Drivers/STM32F1xx_HAL_Driver/Src/stm32f1xx_hal_dma.o
 .debug_ranges  0x0000000000000408       0x48 Drivers/STM32F1xx_HAL_Driver/Src/stm32f1xx_hal_gpio.o
 .debug_ranges  0x0000000000000450      0x128 Drivers/STM32F1xx_HAL_Driver/Src/stm32f1xx_hal_pcd.o
 .debug_ranges  0x0000000000000578       0x28 Drivers/STM32F1xx_HAL_Driver/Src/stm32f1xx_hal_pcd_ex.o
 .debug_ranges  0x00000000000005a0       0x80 Drivers/STM32F1xx_HAL_Driver/Src/stm32f1xx_hal_rcc.o
 .debug_ranges  0x0000000000000620       0x20 Drivers/STM32F1xx_HAL_Driver/Src/stm32f1xx_hal_rcc_ex.o
 .debug_ranges  0x0000000000000640       0xe0 Drivers/STM32F1xx_HAL_Driver/Src/stm32f1xx_ll_usb.o
 .debug_ranges  0x0000000000000720       0x80 Middlewares/ST/STM32_USB_Device_Library/Class/CDC/Src/usbd_cdc.o
 .debug_ranges  0x00000000000007a0       0xa8 Middlewares/ST/STM32_USB_Device_Library/Core/Src/usbd_core.o
 .debug_ranges  0x0000000000000848       0x78 Middlewares/ST/STM32_USB_Device_Library/Core/Src/usbd_ctlreq.o
 .debug_ranges  0x00000000000008c0       0x40 Middlewares/ST/STM32_USB_Device_Library/Core/Src/usbd_ioreq.o
 .debug_ranges  0x0000000000000900       0x10 USB_DEVICE/App/usb_device.o
 .debug_ranges  0x0000000000000910       0x30 USB_DEVICE/App/usbd_cdc_if.o
 .debug_ranges  0x0000000000000940       0x50 USB_DEVICE/App/usbd_desc.o
 .debug_ranges  0x0000000000000990      0x108 USB_DEVICE/Target/usbd_conf.o

.debug_macro    0x0000000000000000    0x1a17d
 .debug_macro   0x0000000000000000      0x3bb Core/Src/main.o
 .debug_macro   0x00000000000003bb      0xa9c Core/Src/main.o
 .debug_macro   0x0000000000000e57      0x221 Core/Src/main.o
 .debug_macro   0x0000000000001078       0x2e Core/Src/main.o
 .debug_macro   0x00000000000010a6       0x22 Core/Src/main.o
 .debug_macro   0x00000000000010c8       0x22 Core/Src/main.o
 .debug_macro   0x00000000000010ea       0x8e Core/Src/main.o
 .debug_macro   0x0000000000001178       0x51 Core/Src/main.o
 .debug_macro   0x00000000000011c9      0x103 Core/Src/main.o
 .debug_macro   0x00000000000012cc       0x6a Core/Src/main.o
 .debug_macro   0x0000000000001336      0x1df Core/Src/main.o
 .debug_macro   0x0000000000001515       0x1c Core/Src/main.o
 .debug_macro   0x0000000000001531       0x22 Core/Src/main.o
 .debug_macro   0x0000000000001553       0xc3 Core/Src/main.o
 .debug_macro   0x0000000000001616      0xd23 Core/Src/main.o
 .debug_macro   0x0000000000002339     0xe097 Core/Src/main.o
 .debug_macro   0x00000000000103d0       0x43 Core/Src/main.o
 .debug_macro   0x0000000000010413     0x3468 Core/Src/main.o
 .debug_macro   0x000000000001387b      0x174 Core/Src/main.o
 .debug_macro   0x00000000000139ef       0x5c Core/Src/main.o
 .debug_macro   0x0000000000013a4b      0x5be Core/Src/main.o
 .debug_macro   0x0000000000014009      0x289 Core/Src/main.o
 .debug_macro   0x0000000000014292      0x1cb Core/Src/main.o
 .debug_macro   0x000000000001445d      0x114 Core/Src/main.o
 .debug_macro   0x0000000000014571      0x1b2 Core/Src/main.o
 .debug_macro   0x0000000000014723       0x27 Core/Src/main.o
 .debug_macro   0x000000000001474a      0x136 Core/Src/main.o
 .debug_macro   0x0000000000014880      0x1bc Core/Src/main.o
 .debug_macro   0x0000000000014a3c       0x34 Core/Src/main.o
 .debug_macro   0x0000000000014a70       0x3c Core/Src/main.o
 .debug_macro   0x0000000000014aac       0x57 Core/Src/main.o
 .debug_macro   0x0000000000014b03      0x46a Core/Src/main.o
 .debug_macro   0x0000000000014f6d      0x1b5 Core/Src/main.o
 .debug_macro   0x0000000000015122       0x88 Core/Src/main.o
 .debug_macro   0x00000000000151aa      0x241 Core/Src/main.o
 .debug_macro   0x00000000000153eb      0x141 Core/Src/main.o
 .debug_macro   0x000000000001552c       0x65 Core/Src/main.o
 .debug_macro   0x0000000000015591      0x249 Core/Src/main.o
 .debug_macro   0x00000000000157da       0x83 Core/Src/main.o
 .debug_macro   0x000000000001585d       0x52 Core/Src/main.o
 .debug_macro   0x00000000000158af       0x18 Core/Src/main.o
 .debug_macro   0x00000000000158c7       0x3c Core/Src/main.o
 .debug_macro   0x0000000000015903       0x34 Core/Src/main.o
 .debug_macro   0x0000000000015937       0x16 Core/Src/main.o
 .debug_macro   0x000000000001594d       0x35 Core/Src/main.o
 .debug_macro   0x0000000000015982      0x333 Core/Src/main.o
 .debug_macro   0x0000000000015cb5       0x10 Core/Src/main.o
 .debug_macro   0x0000000000015cc5       0x16 Core/Src/main.o
 .debug_macro   0x0000000000015cdb       0x43 Core/Src/main.o
 .debug_macro   0x0000000000015d1e       0x34 Core/Src/main.o
 .debug_macro   0x0000000000015d52       0x10 Core/Src/main.o
 .debug_macro   0x0000000000015d62       0x58 Core/Src/main.o
 .debug_macro   0x0000000000015dba       0x71 Core/Src/main.o
 .debug_macro   0x0000000000015e2b       0x1c Core/Src/main.o
 .debug_macro   0x0000000000015e47      0x12a Core/Src/main.o
 .debug_macro   0x0000000000015f71       0x10 Core/Src/main.o
 .debug_macro   0x0000000000015f81       0x1c Core/Src/main.o
 .debug_macro   0x0000000000015f9d       0x52 Core/Src/main.o
 .debug_macro   0x0000000000015fef       0x22 Core/Src/main.o
 .debug_macro   0x0000000000016011       0x10 Core/Src/main.o
 .debug_macro   0x0000000000016021       0x40 Core/Src/main.o
 .debug_macro   0x0000000000016061       0xd5 Core/Src/main.o
 .debug_macro   0x0000000000016136       0x1c Core/Src/main.o
 .debug_macro   0x0000000000016152       0x3d Core/Src/main.o
 .debug_macro   0x000000000001618f       0x16 Core/Src/main.o
 .debug_macro   0x00000000000161a5      0x145 Core/Src/main.o
 .debug_macro   0x00000000000162ea       0x16 Core/Src/main.o
 .debug_macro   0x0000000000016300       0x16 Core/Src/main.o
 .debug_macro   0x0000000000016316       0x29 Core/Src/main.o
 .debug_macro   0x000000000001633f       0x16 Core/Src/main.o
 .debug_macro   0x0000000000016355       0x20 Core/Src/main.o
 .debug_macro   0x0000000000016375       0x60 Core/Src/main.o
 .debug_macro   0x00000000000163d5      0x1c8 Core/Src/main.o
 .debug_macro   0x000000000001659d      0x1c6 Core/Src/stm32f1xx_hal_msp.o
 .debug_macro   0x0000000000016763      0x1d0 Core/Src/stm32f1xx_it.o
 .debug_macro   0x0000000000016933      0x1bc Core/Src/system_stm32f1xx.o
 .debug_macro   0x0000000000016aef      0x1e0 Drivers/STM32F1xx_HAL_Driver/Src/stm32f1xx_hal.o
 .debug_macro   0x0000000000016ccf      0x1d9 Drivers/STM32F1xx_HAL_Driver/Src/stm32f1xx_hal_adc.o
 .debug_macro   0x0000000000016ea8      0x1bc Drivers/STM32F1xx_HAL_Driver/Src/stm32f1xx_hal_cortex.o
 .debug_macro   0x0000000000017064      0x1bc Drivers/STM32F1xx_HAL_Driver/Src/stm32f1xx_hal_dma.o
 .debug_macro   0x0000000000017220      0x227 Drivers/STM32F1xx_HAL_Driver/Src/stm32f1xx_hal_gpio.o
 .debug_macro   0x0000000000017447      0x1c8 Drivers/STM32F1xx_HAL_Driver/Src/stm32f1xx_hal_pcd.o
 .debug_macro   0x000000000001760f      0x1bc Drivers/STM32F1xx_HAL_Driver/Src/stm32f1xx_hal_pcd_ex.o
 .debug_macro   0x00000000000177cb      0x1ce Drivers/STM32F1xx_HAL_Driver/Src/stm32f1xx_hal_rcc.o
 .debug_macro   0x0000000000017999      0x1bc Drivers/STM32F1xx_HAL_Driver/Src/stm32f1xx_hal_rcc_ex.o
 .debug_macro   0x0000000000017b55      0x1bc Drivers/STM32F1xx_HAL_Driver/Src/stm32f1xx_ll_usb.o
 .debug_macro   0x0000000000017d11      0x3dc Middlewares/ST/STM32_USB_Device_Library/Class/CDC/Src/usbd_cdc.o
 .debug_macro   0x00000000000180ed       0x97 Middlewares/ST/STM32_USB_Device_Library/Class/CDC/Src/usbd_cdc.o
 .debug_macro   0x0000000000018184       0xfd Middlewares/ST/STM32_USB_Device_Library/Class/CDC/Src/usbd_cdc.o
 .debug_macro   0x0000000000018281       0xbd Middlewares/ST/STM32_USB_Device_Library/Class/CDC/Src/usbd_cdc.o
 .debug_macro   0x000000000001833e       0x56 Middlewares/ST/STM32_USB_Device_Library/Class/CDC/Src/usbd_cdc.o
 .debug_macro   0x0000000000018394       0x8f Middlewares/ST/STM32_USB_Device_Library/Class/CDC/Src/usbd_cdc.o
 .debug_macro   0x0000000000018423      0x3c3 Middlewares/ST/STM32_USB_Device_Library/Core/Src/usbd_core.o
 .debug_macro   0x00000000000187e6      0x1ce Middlewares/ST/STM32_USB_Device_Library/Core/Src/usbd_core.o
 .debug_macro   0x00000000000189b4      0x3cd Middlewares/ST/STM32_USB_Device_Library/Core/Src/usbd_ctlreq.o
 .debug_macro   0x0000000000018d81      0x3c9 Middlewares/ST/STM32_USB_Device_Library/Core/Src/usbd_ioreq.o
 .debug_macro   0x000000000001914a      0x402 USB_DEVICE/App/usb_device.o
 .debug_macro   0x000000000001954c       0x22 USB_DEVICE/App/usb_device.o
 .debug_macro   0x000000000001956e       0x16 USB_DEVICE/App/usb_device.o
 .debug_macro   0x0000000000019584      0x3e7 USB_DEVICE/App/usbd_cdc_if.o
 .debug_macro   0x000000000001996b       0x10 USB_DEVICE/App/usbd_cdc_if.o
 .debug_macro   0x000000000001997b      0x400 USB_DEVICE/App/usbd_desc.o
 .debug_macro   0x0000000000019d7b       0x1c USB_DEVICE/App/usbd_desc.o
 .debug_macro   0x0000000000019d97      0x3e6 USB_DEVICE/Target/usbd_conf.o

.debug_line     0x0000000000000000    0x103b3
 .debug_line    0x0000000000000000      0xb13 Core/Src/main.o
 .debug_line    0x0000000000000b13      0x750 Core/Src/stm32f1xx_hal_msp.o
 .debug_line    0x0000000000001263      0x7ce Core/Src/stm32f1xx_it.o
 .debug_line    0x0000000000001a31      0x75a Core/Src/system_stm32f1xx.o
 .debug_line    0x000000000000218b       0x84 Core/Startup/startup_stm32f103c8tx.o
 .debug_line    0x000000000000220f      0x987 Drivers/STM32F1xx_HAL_Driver/Src/stm32f1xx_hal.o
 .debug_line    0x0000000000002b96      0xfe7 Drivers/STM32F1xx_HAL_Driver/Src/stm32f1xx_hal_adc.o
 .debug_line    0x0000000000003b7d      0xb6f Drivers/STM32F1xx_HAL_Driver/Src/stm32f1xx_hal_cortex.o
 .debug_line    0x00000000000046ec      0xddf Drivers/STM32F1xx_HAL_Driver/Src/stm32f1xx_hal_dma.o
 .debug_line    0x00000000000054cb      0xa1e Drivers/STM32F1xx_HAL_Driver/Src/stm32f1xx_hal_gpio.o
 .debug_line    0x0000000000005ee9     0x1306 Drivers/STM32F1xx_HAL_Driver/Src/stm32f1xx_hal_pcd.o
 .debug_line    0x00000000000071ef      0x755 Drivers/STM32F1xx_HAL_Driver/Src/stm32f1xx_hal_pcd_ex.o
 .debug_line    0x0000000000007944      0xd95 Drivers/STM32F1xx_HAL_Driver/Src/stm32f1xx_hal_rcc.o
 .debug_line    0x00000000000086d9      0x8d3 Drivers/STM32F1xx_HAL_Driver/Src/stm32f1xx_hal_rcc_ex.o
 .debug_line    0x0000000000008fac      0xfdc Drivers/STM32F1xx_HAL_Driver/Src/stm32f1xx_ll_usb.o
 .debug_line    0x0000000000009f88      0xd75 Middlewares/ST/STM32_USB_Device_Library/Class/CDC/Src/usbd_cdc.o
 .debug_line    0x000000000000acfd      0xdf5 Middlewares/ST/STM32_USB_Device_Library/Core/Src/usbd_core.o
 .debug_line    0x000000000000baf2     0x1014 Middlewares/ST/STM32_USB_Device_Library/Core/Src/usbd_ctlreq.o
 .debug_line    0x000000000000cb06      0xa8b Middlewares/ST/STM32_USB_Device_Library/Core/Src/usbd_ioreq.o
 .debug_line    0x000000000000d591      0xa4b USB_DEVICE/App/usb_device.o
 .debug_line    0x000000000000dfdc      0xa93 USB_DEVICE/App/usbd_cdc_if.o
 .debug_line    0x000000000000ea6f      0xb14 USB_DEVICE/App/usbd_desc.o
 .debug_line    0x000000000000f583      0xe30 USB_DEVICE/Target/usbd_conf.o

.debug_str      0x0000000000000000    0x89aca
 .debug_str     0x0000000000000000    0x86a25 Core/Src/main.o
                                      0x86f20 (size before relaxing)
 .debug_str     0x0000000000086a25       0xc4 Core/Src/stm32f1xx_hal_msp.o
                                      0x81e98 (size before relaxing)
 .debug_str     0x0000000000086ae9      0x3c7 Core/Src/stm32f1xx_it.o
                                      0x82038 (size before relaxing)
 .debug_str     0x0000000000086eb0       0x52 Core/Src/system_stm32f1xx.o
                                      0x81ad3 (size before relaxing)
 .debug_str     0x0000000000086f02       0x65 Core/Startup/startup_stm32f103c8tx.o
 .debug_str     0x0000000000086f67      0x2fa Drivers/STM32F1xx_HAL_Driver/Src/stm32f1xx_hal.o
                                      0x82164 (size before relaxing)
 .debug_str     0x0000000000087261      0x345 Drivers/STM32F1xx_HAL_Driver/Src/stm32f1xx_hal_adc.o
                                      0x82163 (size before relaxing)
 .debug_str     0x00000000000875a6      0x2d8 Drivers/STM32F1xx_HAL_Driver/Src/stm32f1xx_hal_cortex.o
                                      0x8216c (size before relaxing)
 .debug_str     0x000000000008787e      0x230 Drivers/STM32F1xx_HAL_Driver/Src/stm32f1xx_hal_dma.o
                                      0x81eae (size before relaxing)
 .debug_str     0x0000000000087aae      0x33b Drivers/STM32F1xx_HAL_Driver/Src/stm32f1xx_hal_gpio.o
                                      0x81e97 (size before relaxing)
 .debug_str     0x0000000000087de9      0x3e5 Drivers/STM32F1xx_HAL_Driver/Src/stm32f1xx_hal_pcd.o
                                      0x82226 (size before relaxing)
 .debug_str     0x00000000000881ce      0x18d Drivers/STM32F1xx_HAL_Driver/Src/stm32f1xx_hal_pcd_ex.o
                                      0x81f73 (size before relaxing)
 .debug_str     0x000000000008835b      0x24f Drivers/STM32F1xx_HAL_Driver/Src/stm32f1xx_hal_rcc.o
                                      0x81ed0 (size before relaxing)
 .debug_str     0x00000000000885aa       0xb9 Drivers/STM32F1xx_HAL_Driver/Src/stm32f1xx_hal_rcc_ex.o
                                      0x81c5d (size before relaxing)
 .debug_str     0x0000000000088663      0x2ad Drivers/STM32F1xx_HAL_Driver/Src/stm32f1xx_ll_usb.o
                                      0x81fa6 (size before relaxing)
 .debug_str     0x0000000000088910      0x8d9 Middlewares/ST/STM32_USB_Device_Library/Class/CDC/Src/usbd_cdc.o
                                      0x872dc (size before relaxing)
 .debug_str     0x00000000000891e9      0x1b5 Middlewares/ST/STM32_USB_Device_Library/Core/Src/usbd_core.o
                                      0x86bd7 (size before relaxing)
 .debug_str     0x000000000008939e      0x134 Middlewares/ST/STM32_USB_Device_Library/Core/Src/usbd_ctlreq.o
                                      0x86b5d (size before relaxing)
 .debug_str     0x00000000000894d2       0xc9 Middlewares/ST/STM32_USB_Device_Library/Core/Src/usbd_ioreq.o
                                      0x86ae5 (size before relaxing)
 .debug_str     0x000000000008959b      0x118 USB_DEVICE/App/usb_device.o
                                      0x86e4c (size before relaxing)
 .debug_str     0x00000000000896b3       0x76 USB_DEVICE/App/usbd_cdc_if.o
                                      0x86e84 (size before relaxing)
 .debug_str     0x0000000000089729      0x258 USB_DEVICE/App/usbd_desc.o
                                      0x86a50 (size before relaxing)
 .debug_str     0x0000000000089981      0x149 USB_DEVICE/Target/usbd_conf.o
                                      0x87702 (size before relaxing)

.comment        0x0000000000000000       0x53
 .comment       0x0000000000000000       0x53 Core/Src/main.o
                                         0x54 (size before relaxing)
 .comment       0x0000000000000053       0x54 Core/Src/stm32f1xx_hal_msp.o
 .comment       0x0000000000000053       0x54 Core/Src/stm32f1xx_it.o
 .comment       0x0000000000000053       0x54 Core/Src/system_stm32f1xx.o
 .comment       0x0000000000000053       0x54 Drivers/STM32F1xx_HAL_Driver/Src/stm32f1xx_hal.o
 .comment       0x0000000000000053       0x54 Drivers/STM32F1xx_HAL_Driver/Src/stm32f1xx_hal_adc.o
 .comment       0x0000000000000053       0x54 Drivers/STM32F1xx_HAL_Driver/Src/stm32f1xx_hal_cortex.o
 .comment       0x0000000000000053       0x54 Drivers/STM32F1xx_HAL_Driver/Src/stm32f1xx_hal_dma.o
 .comment       0x0000000000000053       0x54 Drivers/STM32F1xx_HAL_Driver/Src/stm32f1xx_hal_gpio.o
 .comment       0x0000000000000053       0x54 Drivers/STM32F1xx_HAL_Driver/Src/stm32f1xx_hal_pcd.o
 .comment       0x0000000000000053       0x54 Drivers/STM32F1xx_HAL_Driver/Src/stm32f1xx_hal_pcd_ex.o
 .comment       0x0000000000000053       0x54 Drivers/STM32F1xx_HAL_Driver/Src/stm32f1xx_hal_rcc.o
 .comment       0x0000000000000053       0x54 Drivers/STM32F1xx_HAL_Driver/Src/stm32f1xx_hal_rcc_ex.o
 .comment       0x0000000000000053       0x54 Drivers/STM32F1xx_HAL_Driver/Src/stm32f1xx_ll_usb.o
 .comment       0x0000000000000053       0x54 Middlewares/ST/STM32_USB_Device_Library/Class/CDC/Src/usbd_cdc.o
 .comment       0x0000000000000053       0x54 Middlewares/ST/STM32_USB_Device_Library/Core/Src/usbd_core.o
 .comment       0x0000000000000053       0x54 Middlewares/ST/STM32_USB_Device_Library/Core/Src/usbd_ctlreq.o
 .comment       0x0000000000000053       0x54 Middlewares/ST/STM32_USB_Device_Library/Core/Src/usbd_ioreq.o
 .comment       0x0000000000000053       0x54 USB_DEVICE/App/usb_device.o
 .comment       0x0000000000000053       0x54 USB_DEVICE/App/usbd_cdc_if.o
 .comment       0x0000000000000053       0x54 USB_DEVICE/App/usbd_desc.o
 .comment       0x0000000000000053       0x54 USB_DEVICE/Target/usbd_conf.o

.debug_frame    0x0000000000000000     0x2e90
 .debug_frame   0x0000000000000000      0x104 Core/Src/main.o
 .debug_frame   0x0000000000000104       0x80 Core/Src/stm32f1xx_hal_msp.o
 .debug_frame   0x0000000000000184      0x13c Core/Src/stm32f1xx_it.o
 .debug_frame   0x00000000000002c0       0x58 Core/Src/system_stm32f1xx.o
 .debug_frame   0x0000000000000318      0x334 Drivers/STM32F1xx_HAL_Driver/Src/stm32f1xx_hal.o
 .debug_frame   0x000000000000064c      0x40c Drivers/STM32F1xx_HAL_Driver/Src/stm32f1xx_hal_adc.o
 .debug_frame   0x0000000000000a58      0x428 Drivers/STM32F1xx_HAL_Driver/Src/stm32f1xx_hal_cortex.o
 .debug_frame   0x0000000000000e80      0x208 Drivers/STM32F1xx_HAL_Driver/Src/stm32f1xx_hal_dma.o
 .debug_frame   0x0000000000001088      0x14c Drivers/STM32F1xx_HAL_Driver/Src/stm32f1xx_hal_gpio.o
 .debug_frame   0x00000000000011d4      0x578 Drivers/STM32F1xx_HAL_Driver/Src/stm32f1xx_hal_pcd.o
 .debug_frame   0x000000000000174c       0xb0 Drivers/STM32F1xx_HAL_Driver/Src/stm32f1xx_hal_pcd_ex.o
 .debug_frame   0x00000000000017fc      0x21c Drivers/STM32F1xx_HAL_Driver/Src/stm32f1xx_hal_rcc.o
 .debug_frame   0x0000000000001a18       0x84 Drivers/STM32F1xx_HAL_Driver/Src/stm32f1xx_hal_rcc_ex.o
 .debug_frame   0x0000000000001a9c      0x450 Drivers/STM32F1xx_HAL_Driver/Src/stm32f1xx_ll_usb.o
 .debug_frame   0x0000000000001eec      0x248 Middlewares/ST/STM32_USB_Device_Library/Class/CDC/Src/usbd_cdc.o
 .debug_frame   0x0000000000002134      0x300 Middlewares/ST/STM32_USB_Device_Library/Core/Src/usbd_core.o
 .debug_frame   0x0000000000002434      0x218 Middlewares/ST/STM32_USB_Device_Library/Core/Src/usbd_ctlreq.o
 .debug_frame   0x000000000000264c      0x10c Middlewares/ST/STM32_USB_Device_Library/Core/Src/usbd_ioreq.o
 .debug_frame   0x0000000000002758       0x2c USB_DEVICE/App/usb_device.o
 .debug_frame   0x0000000000002784       0xbc USB_DEVICE/App/usbd_cdc_if.o
 .debug_frame   0x0000000000002840      0x160 USB_DEVICE/App/usbd_desc.o
 .debug_frame   0x00000000000029a0      0x4a4 USB_DEVICE/Target/usbd_conf.o
 .debug_frame   0x0000000000002e44       0x2c /Applications/STM32CubeIDE.app/Contents/Eclipse/plugins/com.st.stm32cube.ide.mcu.externaltools.gnu-tools-for-stm32.9-2020-q2-update.macos64_1.5.0.202011040924/tools/bin/../lib/gcc/arm-none-eabi/9.3.1/../../../../arm-none-eabi/lib/thumb/v7-m/nofp/libc_nano.a(lib_a-init.o)
 .debug_frame   0x0000000000002e70       0x20 /Applications/STM32CubeIDE.app/Contents/Eclipse/plugins/com.st.stm32cube.ide.mcu.externaltools.gnu-tools-for-stm32.9-2020-q2-update.macos64_1.5.0.202011040924/tools/bin/../lib/gcc/arm-none-eabi/9.3.1/../../../../arm-none-eabi/lib/thumb/v7-m/nofp/libc_nano.a(lib_a-memset.o)
